Archive member included to satisfy reference by file (symbol)

lib/rdr_lib/librdrcommon.a(rdr_common.o)
                              .build/obj_vero75_vero75_via/keyboards/vero75/vero75/vero75.o (g_es_pwm_rgb_matrix_array_dma_buf)
/usr/lib64/gcc/arm-none-eabi/14/thumb/v6-m/nofp/libgcc.a(_thumb1_case_sqi.o)
                              .build/obj_vero75_vero75_via/quantum/keycode_config.o (__gnu_thumb1_case_sqi)
/usr/lib64/gcc/arm-none-eabi/14/thumb/v6-m/nofp/libgcc.a(_thumb1_case_uqi.o)
                              .build/obj_vero75_vero75_via/quantum/action.o (__gnu_thumb1_case_uqi)
/usr/lib64/gcc/arm-none-eabi/14/thumb/v6-m/nofp/libgcc.a(_thumb1_case_shi.o)
                              .build/obj_vero75_vero75_via/lib/chibios/os/hal/lib/streams/chprintf.o (__gnu_thumb1_case_shi)
/usr/lib64/gcc/arm-none-eabi/14/thumb/v6-m/nofp/libgcc.a(_thumb1_case_uhi.o)
                              .build/obj_vero75_vero75_via/quantum/action.o (__gnu_thumb1_case_uhi)
/usr/lib64/gcc/arm-none-eabi/14/thumb/v6-m/nofp/libgcc.a(_udivsi3.o)
                              .build/obj_vero75_vero75_via/quantum/quantum.o (__aeabi_uidiv)
/usr/lib64/gcc/arm-none-eabi/14/thumb/v6-m/nofp/libgcc.a(_divsi3.o)
                              .build/obj_vero75_vero75_via/quantum/color.o (__aeabi_idiv)
/usr/lib64/gcc/arm-none-eabi/14/thumb/v6-m/nofp/libgcc.a(_dvmd_tls.o)
                              /usr/lib64/gcc/arm-none-eabi/14/thumb/v6-m/nofp/libgcc.a(_udivsi3.o) (__aeabi_idiv0)
/usr/lib64/gcc/arm-none-eabi/14/thumb/v6-m/nofp/libgcc.a(_arm_cmpsf2.o)
                              .build/obj_vero75_vero75_via/lib/chibios-contrib/os/common/ext/CMSIS/ES32/FS026/md/md_adc.o (__aeabi_fcmpgt)
/usr/lib64/gcc/arm-none-eabi/14/thumb/v6-m/nofp/libgcc.a(_clzsi2.o)
                              .build/obj_vero75_vero75_via/lib/chibios-contrib/os/common/ext/CMSIS/ES32/FS026/md/md_gpio.o (__clzsi2)
/usr/lib64/gcc/arm-none-eabi/14/thumb/v6-m/nofp/libgcc.a(_aeabi_ldivmod.o)
                              .build/obj_vero75_vero75_via/lib/chibios-contrib/os/common/ext/CMSIS/ES32/FS026/md/md_rcu.o (__aeabi_ldivmod)
/usr/lib64/gcc/arm-none-eabi/14/thumb/v6-m/nofp/libgcc.a(_aeabi_uldivmod.o)
                              .build/obj_vero75_vero75_via/quantum/send_string/send_string.o (__aeabi_uldivmod)
/usr/lib64/gcc/arm-none-eabi/14/thumb/v6-m/nofp/libgcc.a(_muldi3.o)
                              .build/obj_vero75_vero75_via/quantum/send_string/send_string.o (__aeabi_lmul)
/usr/lib64/gcc/arm-none-eabi/14/thumb/v6-m/nofp/libgcc.a(_fixunsdfsi.o)
                              .build/obj_vero75_vero75_via/lib/chibios-contrib/os/common/ext/CMSIS/ES32/FS026/md/md_rcu.o (__aeabi_d2uiz)
/usr/lib64/gcc/arm-none-eabi/14/thumb/v6-m/nofp/libgcc.a(_udivmoddi4.o)
                              /usr/lib64/gcc/arm-none-eabi/14/thumb/v6-m/nofp/libgcc.a(_aeabi_uldivmod.o) (__udivmoddi4)
/usr/lib64/gcc/arm-none-eabi/14/thumb/v6-m/nofp/libgcc.a(bpabi.o)
                              /usr/lib64/gcc/arm-none-eabi/14/thumb/v6-m/nofp/libgcc.a(_aeabi_ldivmod.o) (__gnu_ldivmod_helper)
/usr/lib64/gcc/arm-none-eabi/14/thumb/v6-m/nofp/libgcc.a(divsf3.o)
                              .build/obj_vero75_vero75_via/lib/chibios-contrib/os/common/ext/CMSIS/ES32/FS026/md/md_adc.o (__aeabi_fdiv)
/usr/lib64/gcc/arm-none-eabi/14/thumb/v6-m/nofp/libgcc.a(eqsf2.o)
                              /usr/lib64/gcc/arm-none-eabi/14/thumb/v6-m/nofp/libgcc.a(_arm_cmpsf2.o) (__eqsf2)
/usr/lib64/gcc/arm-none-eabi/14/thumb/v6-m/nofp/libgcc.a(gesf2.o)
                              /usr/lib64/gcc/arm-none-eabi/14/thumb/v6-m/nofp/libgcc.a(_arm_cmpsf2.o) (__gesf2)
/usr/lib64/gcc/arm-none-eabi/14/thumb/v6-m/nofp/libgcc.a(lesf2.o)
                              /usr/lib64/gcc/arm-none-eabi/14/thumb/v6-m/nofp/libgcc.a(_arm_cmpsf2.o) (__lesf2)
/usr/lib64/gcc/arm-none-eabi/14/thumb/v6-m/nofp/libgcc.a(floatsisf.o)
                              .build/obj_vero75_vero75_via/lib/chibios-contrib/os/common/ext/CMSIS/ES32/FS026/md/md_adc.o (__aeabi_i2f)
/usr/lib64/gcc/arm-none-eabi/14/thumb/v6-m/nofp/libgcc.a(adddf3.o)
                              .build/obj_vero75_vero75_via/lib/chibios-contrib/os/common/ext/CMSIS/ES32/FS026/md/md_rcu.o (__aeabi_dadd)
/usr/lib64/gcc/arm-none-eabi/14/thumb/v6-m/nofp/libgcc.a(divdf3.o)
                              .build/obj_vero75_vero75_via/lib/chibios-contrib/os/common/ext/CMSIS/ES32/FS026/md/md_rcu.o (__aeabi_ddiv)
/usr/lib64/gcc/arm-none-eabi/14/thumb/v6-m/nofp/libgcc.a(muldf3.o)
                              .build/obj_vero75_vero75_via/lib/chibios-contrib/os/common/ext/CMSIS/ES32/FS026/md/md_rcu.o (__aeabi_dmul)
/usr/lib64/gcc/arm-none-eabi/14/thumb/v6-m/nofp/libgcc.a(subdf3.o)
                              .build/obj_vero75_vero75_via/lib/chibios-contrib/os/common/ext/CMSIS/ES32/FS026/md/md_adc.o (__aeabi_dsub)
/usr/lib64/gcc/arm-none-eabi/14/thumb/v6-m/nofp/libgcc.a(fixdfsi.o)
[...]
Memory Configuration

Name             Origin             Length             Attributes
flash0           0x00000000         0x00020000         xr
flash1           0x00000000         0x00000000         xr
flash2           0x00000000         0x00000000         xr
flash3           0x00000000         0x00000000         xr
flash4           0x00000000         0x00000000         xr
flash5           0x00000000         0x00000000         xr
flash6           0x00000000         0x00000000         xr
flash7           0x00000000         0x00000000         xr
ram0             0x20000000         0x00004000         xw
ram1             0x00000000         0x00000000         xw
ram2             0x00000000         0x00000000         xw
ram3             0x00000000         0x00000000         xw
ram4             0x00000000         0x00000000         xw
ram5             0x00000000         0x00000000         xw
ram6             0x00000000         0x00000000         xw
ram7             0x00000000         0x00000000         xw
*default*        0x00000000         0xffffffff

Linker script and memory map

LOAD .build/obj_vero75_vero75_via/keyboards/vero75/vero75/vero75.o
LOAD .build/obj_vero75_vero75_via/.build/obj_vero75_vero75_via/src/default_keyboard.o
LOAD .build/obj_vero75_vero75_via/quantum/keymap_introspection.o
LOAD .build/obj_vero75_vero75_via/quantum/quantum.o
LOAD .build/obj_vero75_vero75_via/quantum/bitwise.o
LOAD .build/obj_vero75_vero75_via/quantum/led.o
LOAD .build/obj_vero75_vero75_via/quantum/action.o
LOAD .build/obj_vero75_vero75_via/quantum/action_layer.o
LOAD .build/obj_vero75_vero75_via/quantum/action_tapping.o
LOAD .build/obj_vero75_vero75_via/quantum/action_util.o
LOAD .build/obj_vero75_vero75_via/quantum/eeconfig.o
LOAD .build/obj_vero75_vero75_via/quantum/keyboard.o
LOAD .build/obj_vero75_vero75_via/quantum/keymap_common.o
LOAD .build/obj_vero75_vero75_via/quantum/keycode_config.o
LOAD .build/obj_vero75_vero75_via/quantum/sync_timer.o
LOAD .build/obj_vero75_vero75_via/quantum/logging/debug.o
LOAD .build/obj_vero75_vero75_via/quantum/logging/sendchar.o
LOAD .build/obj_vero75_vero75_via/quantum/logging/print.o
LOAD .build/obj_vero75_vero75_via/quantum/bootmagic/bootmagic_lite.o
LOAD .build/obj_vero75_vero75_via/quantum/bootmagic/magic.o
LOAD .build/obj_vero75_vero75_via/quantum/matrix_common.o
LOAD .build/obj_vero75_vero75_via/quantum/matrix.o
LOAD .build/obj_vero75_vero75_via/quantum/debounce/sym_eager_pk.o
LOAD .build/obj_vero75_vero75_via/quantum/main.o
LOAD .build/obj_vero75_vero75_via/printf.o
LOAD .build/obj_vero75_vero75_via/eeprom_driver.o
LOAD .build/obj_vero75_vero75_via/quantum/color.o
LOAD .build/obj_vero75_vero75_via/quantum/rgb_matrix/rgb_matrix.o
LOAD .build/obj_vero75_vero75_via/quantum/rgb_matrix/rgb_matrix_drivers.o
LOAD .build/obj_vero75_vero75_via/quantum/process_keycode/process_rgb.o
LOAD .build/obj_vero75_vero75_via/quantum/led_tables.o
LOAD .build/obj_vero75_vero75_via/lib/lib8tion/lib8tion.o
LOAD .build/obj_vero75_vero75_via/quantum/dynamic_keymap.o
LOAD .build/obj_vero75_vero75_via/quantum/process_keycode/process_grave_esc.o
LOAD .build/obj_vero75_vero75_via/quantum/process_keycode/process_magic.o
LOAD .build/obj_vero75_vero75_via/quantum/mousekey.o
LOAD .build/obj_vero75_vero75_via/quantum/send_string/send_string.o
LOAD .build/obj_vero75_vero75_via/quantum/process_keycode/process_space_cadet.o
LOAD .build/obj_vero75_vero75_via/quantum/process_keycode/process_tri_layer.o
LOAD .build/obj_vero75_vero75_via/quantum/tri_layer.o
LOAD .build/obj_vero75_vero75_via/quantum/via.o
LOAD .build/obj_vero75_vero75_via/protocol/host.o
LOAD .build/obj_vero75_vero75_via/protocol/report.o
LOAD .build/obj_vero75_vero75_via/protocol/usb_device_state.o
LOAD .build/obj_vero75_vero75_via/protocol/usb_util.o
LOAD .build/obj_vero75_vero75_via/platforms/suspend.o
LOAD .build/obj_vero75_vero75_via/platforms/synchronization_util.o
LOAD .build/obj_vero75_vero75_via/platforms/timer.o
LOAD .build/obj_vero75_vero75_via/platforms/chibios/hardware_id.o
LOAD .build/obj_vero75_vero75_via/platforms/chibios/platform.o
LOAD .build/obj_vero75_vero75_via/platforms/chibios/suspend.o
LOAD .build/obj_vero75_vero75_via/platforms/chibios/timer.o
LOAD .build/obj_vero75_vero75_via/platforms/chibios/bootloaders/custom.o
LOAD .build/obj_vero75_vero75_via/./lib/chibios/os/common/startup/ARMCMx/compilers/GCC/crt0_v6m.o
LOAD .build/obj_vero75_vero75_via/./lib/chibios/os/common/startup/ARMCMx/compilers/GCC/vectors.o
LOAD .build/obj_vero75_vero75_via/./lib/chibios/os/common/ports/ARMv6-M/compilers/GCC/chcoreasm.o
LOAD .build/obj_vero75_vero75_via/protocol/chibios/usb_main.o
LOAD .build/obj_vero75_vero75_via/protocol/chibios/chibios.o
LOAD .build/obj_vero75_vero75_via/usb_descriptor.o
LOAD .build/obj_vero75_vero75_via/protocol/chibios/usb_driver.o
LOAD .build/obj_vero75_vero75_via/protocol/chibios/usb_endpoints.o
LOAD .build/obj_vero75_vero75_via/protocol/chibios/usb_report_handling.o
LOAD .build/obj_vero75_vero75_via/protocol/chibios/usb_util.o
LOAD .build/obj_vero75_vero75_via/./lib/chibios/os/oslib/src/chmboxes.o
LOAD .build/obj_vero75_vero75_via/./lib/chibios/os/oslib/src/chmemcore.o
LOAD .build/obj_vero75_vero75_via/./lib/chibios/os/oslib/src/chmemheaps.o
LOAD .build/obj_vero75_vero75_via/./lib/chibios/os/oslib/src/chmempools.o
LOAD .build/obj_vero75_vero75_via/./lib/chibios/os/oslib/src/chpipes.o
LOAD .build/obj_vero75_vero75_via/./lib/chibios/os/oslib/src/chobjcaches.o
LOAD .build/obj_vero75_vero75_via/./lib/chibios/os/oslib/src/chdelegates.o
LOAD .build/obj_vero75_vero75_via/./lib/chibios/os/oslib/src/chfactory.o
LOAD .build/obj_vero75_vero75_via/lib/chibios/os/common/startup/ARMCMx/compilers/GCC/crt1.o
LOAD .build/obj_vero75_vero75_via/lib/chibios-contrib/os/common/ext/CMSIS/ES32/FS026/md/md_utils.o
LOAD .build/obj_vero75_vero75_via/lib/chibios-contrib/os/common/ext/CMSIS/ES32/FS026/md/md_tick.o
LOAD .build/obj_vero75_vero75_via/lib/chibios-contrib/os/common/ext/CMSIS/ES32/FS026/md/md_fc.o
LOAD .build/obj_vero75_vero75_via/lib/chibios-contrib/os/common/ext/CMSIS/ES32/FS026/md/md_rcu.o
LOAD .build/obj_vero75_vero75_via/lib/chibios-contrib/os/common/ext/CMSIS/ES32/FS026/md/md_gpio.o
LOAD .build/obj_vero75_vero75_via/lib/chibios-contrib/os/common/ext/CMSIS/ES32/FS026/md/md_uart.o
LOAD .build/obj_vero75_vero75_via/lib/chibios-contrib/os/common/ext/CMSIS/ES32/FS026/md/md_spi.o
LOAD .build/obj_vero75_vero75_via/lib/chibios-contrib/os/common/ext/CMSIS/ES32/FS026/md/md_adc.o
LOAD .build/obj_vero75_vero75_via/lib/chibios-contrib/os/common/ext/CMSIS/ES32/FS026/ald/ald_usb.o
LOAD .build/obj_vero75_vero75_via/lib/chibios/os/rt/src/chsys.o
LOAD .build/obj_vero75_vero75_via/lib/chibios/os/rt/src/chrfcu.o
LOAD .build/obj_vero75_vero75_via/lib/chibios/os/rt/src/chdebug.o
LOAD .build/obj_vero75_vero75_via/lib/chibios/os/rt/src/chtrace.o
LOAD .build/obj_vero75_vero75_via/lib/chibios/os/rt/src/chvt.o
LOAD .build/obj_vero75_vero75_via/lib/chibios/os/rt/src/chschd.o
LOAD .build/obj_vero75_vero75_via/lib/chibios/os/rt/src/chinstances.o
LOAD .build/obj_vero75_vero75_via/lib/chibios/os/rt/src/chthreads.o
LOAD .build/obj_vero75_vero75_via/lib/chibios/os/rt/src/chtm.o
LOAD .build/obj_vero75_vero75_via/lib/chibios/os/rt/src/chstats.o
LOAD .build/obj_vero75_vero75_via/lib/chibios/os/rt/src/chregistry.o
LOAD .build/obj_vero75_vero75_via/lib/chibios/os/rt/src/chsem.o
LOAD .build/obj_vero75_vero75_via/lib/chibios/os/rt/src/chmtx.o
LOAD .build/obj_vero75_vero75_via/lib/chibios/os/rt/src/chcond.o
LOAD .build/obj_vero75_vero75_via/lib/chibios/os/rt/src/chevents.o
LOAD .build/obj_vero75_vero75_via/lib/chibios/os/rt/src/chmsg.o
LOAD .build/obj_vero75_vero75_via/lib/chibios/os/rt/src/chdynamic.o
LOAD .build/obj_vero75_vero75_via/lib/chibios/os/common/ports/ARMv6-M/chcore.o
LOAD .build/obj_vero75_vero75_via/lib/chibios/os/hal/osal/rt-nil/osal.o
LOAD .build/obj_vero75_vero75_via/lib/chibios/os/hal/src/hal.o
LOAD .build/obj_vero75_vero75_via/lib/chibios/os/hal/src/hal_st.o
LOAD .build/obj_vero75_vero75_via/lib/chibios/os/hal/src/hal_buffers.o
LOAD .build/obj_vero75_vero75_via/lib/chibios/os/hal/src/hal_queues.o
LOAD .build/obj_vero75_vero75_via/lib/chibios/os/hal/src/hal_flash.o
LOAD .build/obj_vero75_vero75_via/lib/chibios/os/hal/src/hal_mmcsd.o
LOAD .build/obj_vero75_vero75_via/lib/chibios/os/hal/src/hal_adc.o
LOAD .build/obj_vero75_vero75_via/lib/chibios/os/hal/src/hal_can.o
LOAD .build/obj_vero75_vero75_via/lib/chibios/os/hal/src/hal_crypto.o
LOAD .build/obj_vero75_vero75_via/lib/chibios/os/hal/src/hal_dac.o
LOAD .build/obj_vero75_vero75_via/lib/chibios/os/hal/src/hal_efl.o
LOAD .build/obj_vero75_vero75_via/lib/chibios/os/hal/src/hal_gpt.o
LOAD .build/obj_vero75_vero75_via/lib/chibios/os/hal/src/hal_i2c.o
LOAD .build/obj_vero75_vero75_via/lib/chibios/os/hal/src/hal_i2s.o
LOAD .build/obj_vero75_vero75_via/lib/chibios/os/hal/src/hal_icu.o
LOAD .build/obj_vero75_vero75_via/lib/chibios/os/hal/src/hal_mac.o
LOAD .build/obj_vero75_vero75_via/lib/chibios/os/hal/src/hal_mmc_spi.o
LOAD .build/obj_vero75_vero75_via/lib/chibios/os/hal/src/hal_pal.o
LOAD .build/obj_vero75_vero75_via/lib/chibios/os/hal/src/hal_pwm.o
LOAD .build/obj_vero75_vero75_via/lib/chibios/os/hal/src/hal_rtc.o
LOAD .build/obj_vero75_vero75_via/lib/chibios/os/hal/src/hal_sdc.o
LOAD .build/obj_vero75_vero75_via/lib/chibios/os/hal/src/hal_serial.o
LOAD .build/obj_vero75_vero75_via/lib/chibios/os/hal/src/hal_serial_usb.o
LOAD .build/obj_vero75_vero75_via/lib/chibios/os/hal/src/hal_sio.o
LOAD .build/obj_vero75_vero75_via/lib/chibios/os/hal/src/hal_spi.o
LOAD .build/obj_vero75_vero75_via/lib/chibios/os/hal/src/hal_trng.o
LOAD .build/obj_vero75_vero75_via/lib/chibios/os/hal/src/hal_uart.o
LOAD .build/obj_vero75_vero75_via/lib/chibios/os/hal/src/hal_usb.o
LOAD .build/obj_vero75_vero75_via/lib/chibios/os/hal/src/hal_wdg.o
LOAD .build/obj_vero75_vero75_via/lib/chibios/os/hal/src/hal_wspi.o
LOAD .build/obj_vero75_vero75_via/lib/chibios/os/hal/ports/common/ARMCMx/nvic.o
LOAD .build/obj_vero75_vero75_via/lib/chibios-contrib/os/hal/ports/ES32/FS026/hal_lld.o
LOAD .build/obj_vero75_vero75_via/lib/chibios-contrib/os/hal/ports/ES32/LLD/ADCv1/hal_adc_lld.o
LOAD .build/obj_vero75_vero75_via/lib/chibios-contrib/os/hal/ports/ES32/LLD/I2Cv1/hal_i2c_lld.o
LOAD .build/obj_vero75_vero75_via/lib/chibios-contrib/os/hal/ports/ES32/LLD/TIMv1/hal_st_lld.o
LOAD .build/obj_vero75_vero75_via/lib/chibios-contrib/os/hal/ports/ES32/LLD/TIMv1/hal_gpt_lld.o
LOAD .build/obj_vero75_vero75_via/lib/chibios-contrib/os/hal/ports/ES32/LLD/TIMv1/hal_pwm_lld.o
LOAD .build/obj_vero75_vero75_via/lib/chibios-contrib/os/hal/ports/ES32/LLD/SPIv1/hal_spi_lld.o
LOAD .build/obj_vero75_vero75_via/lib/chibios-contrib/os/hal/ports/ES32/LLD/GPIOv1/hal_pal_lld.o
LOAD .build/obj_vero75_vero75_via/lib/chibios-contrib/os/hal/ports/ES32/LLD/USBv1/hal_usb_lld.o
LOAD .build/obj_vero75_vero75_via/lib/chibios-contrib/os/hal/ports/ES32/LLD/UARTv1/hal_serial_lld.o
LOAD .build/obj_vero75_vero75_via/lib/chibios-contrib/os/hal/ports/ES32/LLD/UARTv1/hal_uart_lld.o
LOAD .build/obj_vero75_vero75_via/lib/chibios-contrib/os/hal/ports/ES32/LLD/WDTv1/hal_wdg_lld.o
LOAD .build/obj_vero75_vero75_via/lib/chibios-contrib/os/hal/boards/FS026/board.o
LOAD .build/obj_vero75_vero75_via/lib/chibios/os/hal/lib/streams/chprintf.o
LOAD .build/obj_vero75_vero75_via/lib/chibios/os/hal/lib/streams/chscanf.o
LOAD .build/obj_vero75_vero75_via/lib/chibios/os/hal/lib/streams/memstreams.o
LOAD .build/obj_vero75_vero75_via/lib/chibios/os/hal/lib/streams/nullstreams.o
LOAD .build/obj_vero75_vero75_via/lib/chibios/os/hal/lib/streams/bufstreams.o
LOAD .build/obj_vero75_vero75_via/lib/chibios/os/various/syscalls.o
LOAD .build/obj_vero75_vero75_via/platforms/chibios/syscall-fallbacks.o
LOAD .build/obj_vero75_vero75_via/platforms/chibios/wait.o
LOAD .build/obj_vero75_vero75_via/platforms/chibios/synchronization_util.o
LOAD .build/obj_vero75_vero75_via/platforms/chibios/interrupt_handlers.o
LOAD .build/obj_vero75_vero75_via/./lib/chibios-contrib/os/hal/src/hal_community.o
LOAD .build/obj_vero75_vero75_via/./lib/chibios-contrib/os/hal/src/hal_fsmc.o
LOAD .build/obj_vero75_vero75_via/./lib/chibios-contrib/os/hal/src/hal_nand.o
LOAD .build/obj_vero75_vero75_via/./lib/chibios-contrib/os/hal/src/hal_sram.o
LOAD .build/obj_vero75_vero75_via/./lib/chibios-contrib/os/hal/src/hal_sdram.o
LOAD .build/obj_vero75_vero75_via/./lib/chibios-contrib/os/hal/src/hal_onewire.o
LOAD .build/obj_vero75_vero75_via/./lib/chibios-contrib/os/hal/src/hal_eicu.o
LOAD .build/obj_vero75_vero75_via/./lib/chibios-contrib/os/hal/src/hal_crc.o
LOAD .build/obj_vero75_vero75_via/./lib/chibios-contrib/os/hal/src/hal_rng.o
LOAD .build/obj_vero75_vero75_via/./lib/chibios-contrib/os/hal/src/hal_usbh.o
LOAD .build/obj_vero75_vero75_via/./lib/chibios-contrib/os/hal/src/usbh/hal_usbh_debug.o
LOAD .build/obj_vero75_vero75_via/./lib/chibios-contrib/os/hal/src/usbh/hal_usbh_desciter.o
LOAD .build/obj_vero75_vero75_via/./lib/chibios-contrib/os/hal/src/usbh/hal_usbh_hub.o
LOAD .build/obj_vero75_vero75_via/./lib/chibios-contrib/os/hal/src/usbh/hal_usbh_msd.o
LOAD .build/obj_vero75_vero75_via/./lib/chibios-contrib/os/hal/src/usbh/hal_usbh_ftdi.o
LOAD .build/obj_vero75_vero75_via/./lib/chibios-contrib/os/hal/src/usbh/hal_usbh_aoa.o
LOAD .build/obj_vero75_vero75_via/./lib/chibios-contrib/os/hal/src/usbh/hal_usbh_hid.o
LOAD .build/obj_vero75_vero75_via/./lib/chibios-contrib/os/hal/src/usbh/hal_usbh_uvc.o
LOAD .build/obj_vero75_vero75_via/./lib/chibios-contrib/os/hal/src/hal_ee24xx.o
LOAD .build/obj_vero75_vero75_via/./lib/chibios-contrib/os/hal/src/hal_ee25xx.o
LOAD .build/obj_vero75_vero75_via/./lib/chibios-contrib/os/hal/src/hal_eeprom.o
LOAD .build/obj_vero75_vero75_via/./lib/chibios-contrib/os/hal/src/hal_timcap.o
LOAD .build/obj_vero75_vero75_via/./lib/chibios-contrib/os/hal/src/hal_qei.o
LOAD .build/obj_vero75_vero75_via/./lib/chibios-contrib/os/hal/src/hal_usb_hid.o
LOAD .build/obj_vero75_vero75_via/./lib/chibios-contrib/os/hal/src/hal_usb_msd.o
LOAD .build/obj_vero75_vero75_via/./lib/chibios-contrib/os/hal/src/hal_comp.o
LOAD .build/obj_vero75_vero75_via/./lib/chibios-contrib/os/hal/src/hal_opamp.o
LOAD lib/rdr_lib/librdrcommon.a
                0x00000800                        __process_stack_size__ = 0x800
                0x00000400                        __main_stack_size__ = 0x400
LOAD /usr/lib64/gcc/arm-none-eabi/14/../../../../arm-none-eabi/lib/thumb/v6-m/nofp/libm.a
START GROUP
LOAD /usr/lib64/gcc/arm-none-eabi/14/thumb/v6-m/nofp/libgcc.a
LOAD /usr/lib64/gcc/arm-none-eabi/14/../../../../arm-none-eabi/lib/thumb/v6-m/nofp/libg_nano.a
LOAD /usr/lib64/gcc/arm-none-eabi/14/../../../../arm-none-eabi/lib/thumb/v6-m/nofp/libc_nano.a
END GROUP
START GROUP
LOAD /usr/lib64/gcc/arm-none-eabi/14/thumb/v6-m/nofp/libgcc.a
LOAD /usr/lib64/gcc/arm-none-eabi/14/../../../../arm-none-eabi/lib/thumb/v6-m/nofp/libc_nano.a
END GROUP

.mstack         0x20000000      0x400
                0x20000000                        . = ALIGN (0x8)
                0x20000000                        __main_stack_base__ = .
                0x20000400                        . = (. + __main_stack_size__)
 *fill*         0x20000000      0x400 
                0x20000400                        . = ALIGN (0x8)
                0x20000400                        __main_stack_end__ = .

.pstack         0x20000400      0x800
                0x20000400                        . = ALIGN (0x8)
                0x20000400                        __process_stack_base__ = .
                0x20000400                        __main_thread_stack_base__ = .
                0x20000c00                        . = (. + __process_stack_size__)
 *fill*         0x20000400      0x800 
                0x20000c00                        . = ALIGN (0x8)
                0x20000c00                        __process_stack_end__ = .
                0x20000c00                        __main_thread_stack_end__ = .

.vectors        0x00000000       0xc0
                0x00000000                        __textvectors_base__ = LOADADDR (.vectors)
                0x00000000                        __vectors_base__ = .
 *(.vectors)
 .vectors       0x00000000       0xc0 .build/obj_vero75_vero75_via/./lib/chibios/os/common/startup/ARMCMx/compilers/GCC/vectors.o
                0x00000000                _vectors
                0x000000c0                        __vectors_end__ = .

.xtors          0x000000c0        0x0
                0x000000c0                        __init_array_base__ = .
 *(SORT_BY_NAME(.init_array.*))
 *(.init_array)
                0x000000c0                        __init_array_end__ = .
                0x000000c0                        __fini_array_base__ = .
 *(.fini_array)
 *(SORT_BY_NAME(.fini_array.*))
                0x000000c0                        __fini_array_end__ = .

.text           0x000000c0     0xf8c0
                0x000000c0                        __text_base__ = .
 *(.text)
 .text          0x000000c0       0xd0 .build/obj_vero75_vero75_via/./lib/chibios/os/common/startup/ARMCMx/compilers/GCC/crt0_v6m.o
                0x000000c0                _crt0_entry
 .text          0x00000190        0x8 .build/obj_vero75_vero75_via/./lib/chibios/os/common/startup/ARMCMx/compilers/GCC/vectors.o
                0x00000190                Reset_Handler
                0x00000192                Vector9C
                0x00000192                VectorAC
                0x00000192                DebugMon_Handler
                0x00000192                Vector8C
                0x00000192                PendSV_Handler
                0x00000192                Vector94
                0x00000192                VectorA8
                0x00000192                VectorB4
                0x00000192                Vector74
                0x00000192                UsageFault_Handler
                0x00000192                Vector40
                0x00000192                Vector64
                0x00000192                Vector98
                0x00000192                Vector24
                0x00000192                SecureFault_Handler
                0x00000192                MemManage_Handler
                0x00000192                Vector6C
                0x00000192                VectorA0
                0x00000192                SVC_Handler
                0x00000192                VectorB0
                0x00000192                Vector90
                0x00000192                Vector60
                0x00000192                Vector48
                0x00000192                Vector70
                0x00000192                Vector88
                0x00000192                BusFault_Handler
                0x00000192                Vector50
                0x00000192                Vector44
                0x00000192                Vector28
                0x00000192                VectorB8
                0x00000192                Vector34
                0x00000192                VectorA4
                0x00000192                Vector20
                0x00000196                _unhandled_exception
 .text          0x00000198       0x44 .build/obj_vero75_vero75_via/./lib/chibios/os/common/ports/ARMv6-M/compilers/GCC/chcoreasm.o
                0x00000198                __port_switch
                0x000001b8                __port_thread_start
                0x000001c6                __port_switch_from_isr
                0x000001ca                __port_exit_from_isr
 .text          0x000001dc       0x14 /usr/lib64/gcc/arm-none-eabi/14/thumb/v6-m/nofp/libgcc.a(_thumb1_case_sqi.o)
                0x000001dc                __gnu_thumb1_case_sqi
 .text          0x000001f0       0x14 /usr/lib64/gcc/arm-none-eabi/14/thumb/v6-m/nofp/libgcc.a(_thumb1_case_uqi.o)
                0x000001f0                __gnu_thumb1_case_uqi
 .text          0x00000204       0x14 /usr/lib64/gcc/arm-none-eabi/14/thumb/v6-m/nofp/libgcc.a(_thumb1_case_uhi.o)
                0x00000204                __gnu_thumb1_case_uhi
 .text          0x00000218      0x114 /usr/lib64/gcc/arm-none-eabi/14/thumb/v6-m/nofp/libgcc.a(_udivsi3.o)
                0x00000218                __udivsi3
                0x00000218                __aeabi_uidiv
                0x00000324                __aeabi_uidivmod
 .text          0x0000032c      0x1d4 /usr/lib64/gcc/arm-none-eabi/14/thumb/v6-m/nofp/libgcc.a(_divsi3.o)
                0x0000032c                __aeabi_idiv
                0x0000032c                __divsi3
                0x000004f8                __aeabi_idivmod
 .text          0x00000500        0x4 /usr/lib64/gcc/arm-none-eabi/14/thumb/v6-m/nofp/libgcc.a(_dvmd_tls.o)
                0x00000500                __aeabi_ldiv0
                0x00000500                __aeabi_idiv0
 .text          0x00000504       0x74 /usr/lib64/gcc/arm-none-eabi/14/thumb/v6-m/nofp/libgcc.a(_arm_cmpsf2.o)
                0x00000504                __aeabi_cfrcmple
                0x0000050c                __aeabi_cfcmple
                0x0000050c                __aeabi_cfcmpeq
                0x0000051c                __aeabi_fcmpeq
                0x00000528                __aeabi_fcmplt
                0x0000053c                __aeabi_fcmple
                0x00000550                __aeabi_fcmpgt
                0x00000564                __aeabi_fcmpge
 .text          0x00000578       0x3c /usr/lib64/gcc/arm-none-eabi/14/thumb/v6-m/nofp/libgcc.a(_clzsi2.o)
                0x00000578                __clzsi2
 .text          0x000005b4       0x40 /usr/lib64/gcc/arm-none-eabi/14/thumb/v6-m/nofp/libgcc.a(_aeabi_uldivmod.o)
                0x000005b4                __aeabi_uldivmod
 .text          0x000005f4       0x5c /usr/lib64/gcc/arm-none-eabi/14/thumb/v6-m/nofp/libgcc.a(_muldi3.o)
                0x000005f4                __aeabi_lmul
                0x000005f4                __muldi3
 .text          0x00000650       0x3c /usr/lib64/gcc/arm-none-eabi/14/thumb/v6-m/nofp/libgcc.a(_fixunsdfsi.o)
                0x00000650                __fixunsdfsi
                0x00000650                __aeabi_d2uiz
 .text          0x0000068c      0x198 /usr/lib64/gcc/arm-none-eabi/14/thumb/v6-m/nofp/libgcc.a(_udivmoddi4.o)
                0x0000068c                __udivmoddi4
 .text          0x00000824      0x22c /usr/lib64/gcc/arm-none-eabi/14/thumb/v6-m/nofp/libgcc.a(divsf3.o)
                0x00000824                __aeabi_fdiv
 .text          0x00000a50       0x50 /usr/lib64/gcc/arm-none-eabi/14/thumb/v6-m/nofp/libgcc.a(eqsf2.o)
                0x00000a50                __nesf2
                0x00000a50                __eqsf2
 .text          0x00000aa0       0x90 /usr/lib64/gcc/arm-none-eabi/14/thumb/v6-m/nofp/libgcc.a(gesf2.o)
                0x00000aa0                __gtsf2
                0x00000aa0                __gesf2
 .text          0x00000b30       0x90 /usr/lib64/gcc/arm-none-eabi/14/thumb/v6-m/nofp/libgcc.a(lesf2.o)
                0x00000b30                __lesf2
                0x00000b30                __ltsf2
 .text          0x00000bc0       0xa0 /usr/lib64/gcc/arm-none-eabi/14/thumb/v6-m/nofp/libgcc.a(floatsisf.o)
                0x00000bc0                __aeabi_i2f
 .text          0x00000c60      0x834 /usr/lib64/gcc/arm-none-eabi/14/thumb/v6-m/nofp/libgcc.a(adddf3.o)
                0x00000c60                __aeabi_dadd
 .text          0x00001494      0x63c /usr/lib64/gcc/arm-none-eabi/14/thumb/v6-m/nofp/libgcc.a(divdf3.o)
                0x00001494                __aeabi_ddiv
 .text          0x00001ad0      0x590 /usr/lib64/gcc/arm-none-eabi/14/thumb/v6-m/nofp/libgcc.a(muldf3.o)
                0x00001ad0                __aeabi_dmul
 .text          0x00002060      0x870 /usr/lib64/gcc/arm-none-eabi/14/thumb/v6-m/nofp/libgcc.a(subdf3.o)
                0x00002060                __aeabi_dsub
 .text          0x000028d0       0x78 /usr/lib64/gcc/arm-none-eabi/14/thumb/v6-m/nofp/libgcc.a(fixdfsi.o)
                0x000028d0                __aeabi_d2iz
 .text          0x00002948       0x5c /usr/lib64/gcc/arm-none-eabi/14/thumb/v6-m/nofp/libgcc.a(floatsidf.o)
                0x00002948                __aeabi_i2d
 .text          0x000029a4       0x48 /usr/lib64/gcc/arm-none-eabi/14/thumb/v6-m/nofp/libgcc.a(floatunsidf.o)
                0x000029a4                __aeabi_ui2d
 .text          0x000029ec       0x90 /usr/lib64/gcc/arm-none-eabi/14/thumb/v6-m/nofp/libgcc.a(extendsfdf2.o)
                0x000029ec                __aeabi_f2d
 .text          0x00002a7c       0x7c /usr/lib64/gcc/arm-none-eabi/14/thumb/v6-m/nofp/libgcc.a(_arm_cmpdf2.o)
                0x00002a7c                __aeabi_cdrcmple
                0x00002a8c                __aeabi_cdcmple
                0x00002a8c                __aeabi_cdcmpeq
                0x00002a9c                __aeabi_dcmpeq
                0x00002aa8                __aeabi_dcmplt
                0x00002abc                __aeabi_dcmple
                0x00002ad0                __aeabi_dcmpgt
                0x00002ae4                __aeabi_dcmpge
 .text          0x00002af8       0x18 /usr/lib64/gcc/arm-none-eabi/14/thumb/v6-m/nofp/libgcc.a(_clzdi2.o)
                0x00002af8                __clzdi2
 .text          0x00002b10       0x8c /usr/lib64/gcc/arm-none-eabi/14/thumb/v6-m/nofp/libgcc.a(eqdf2.o)
                0x00002b10                __eqdf2
                0x00002b10                __nedf2
 .text          0x00002b9c       0xe0 /usr/lib64/gcc/arm-none-eabi/14/thumb/v6-m/nofp/libgcc.a(gedf2.o)
                0x00002b9c                __gtdf2
                0x00002b9c                __gedf2
 .text          0x00002c7c       0xdc /usr/lib64/gcc/arm-none-eabi/14/thumb/v6-m/nofp/libgcc.a(ledf2.o)
                0x00002c7c                __ltdf2
                0x00002c7c                __ledf2
 .text          0x00002d58       0x28 /usr/lib64/gcc/arm-none-eabi/14/../../../../arm-none-eabi/lib/thumb/v6-m/nofp/libg_nano.a(libc_a-malloc.o)
                0x00002d58                malloc
                0x00002d6c                free
 .text          0x00002d80      0x144 /usr/lib64/gcc/arm-none-eabi/14/../../../../arm-none-eabi/lib/thumb/v6-m/nofp/libg_nano.a(libc_a-mallocr.o)
                0x00002dc4                _malloc_r
 .text          0x00002ec4        0x4 /usr/lib64/gcc/arm-none-eabi/14/../../../../arm-none-eabi/lib/thumb/v6-m/nofp/libg_nano.a(libc_a-mlock.o)
                0x00002ec4                __malloc_lock
                0x00002ec6                __malloc_unlock
 .text          0x00002ec8       0x44 /usr/lib64/gcc/arm-none-eabi/14/../../../../arm-none-eabi/lib/thumb/v6-m/nofp/libg_nano.a(libc_a-rand.o)
                0x00002ec8                srand
                0x00002edc                rand
 .text          0x00002f0c       0x1c /usr/lib64/gcc/arm-none-eabi/14/../../../../arm-none-eabi/lib/thumb/v6-m/nofp/libg_nano.a(libc_a-memcmp.o)
                0x00002f0c                memcmp
 .text          0x00002f28       0x26 /usr/lib64/gcc/arm-none-eabi/14/../../../../arm-none-eabi/lib/thumb/v6-m/nofp/libg_nano.a(libc_a-memmove.o)
                0x00002f28                memmove
 .text          0x00002f4e       0x10 /usr/lib64/gcc/arm-none-eabi/14/../../../../arm-none-eabi/lib/thumb/v6-m/nofp/libg_nano.a(libc_a-memset.o)
                0x00002f4e                memset
 .text          0x00002f5e       0x12 /usr/lib64/gcc/arm-none-eabi/14/../../../../arm-none-eabi/lib/thumb/v6-m/nofp/libg_nano.a(libc_a-memcpy-stub.o)
                0x00002f5e                memcpy
 .text          0x00002f70       0x94 /usr/lib64/gcc/arm-none-eabi/14/../../../../arm-none-eabi/lib/thumb/v6-m/nofp/libg_nano.a(libc_a-freer.o)
                0x00002f70                _free_r
 *(.text.*)
 .text.matrix_output_select_delay
                0x00003004        0x2 .build/obj_vero75_vero75_via/keyboards/vero75/vero75/vero75.o
                0x00003004                matrix_output_select_delay
 .text.matrix_output_unselect_delay
                0x00003006        0x2 .build/obj_vero75_vero75_via/keyboards/vero75/vero75/vero75.o
                0x00003006                matrix_output_unselect_delay
 .text.rgb_matrix_indicators_advanced_user
                0x00003008        0xa .build/obj_vero75_vero75_via/keyboards/vero75/vero75/vero75.o
                0x00003008                rgb_matrix_indicators_advanced_user
 *fill*         0x00003012        0x2 
 .text.notify_usb_device_state_change_user
                0x00003014       0x38 .build/obj_vero75_vero75_via/keyboards/vero75/vero75/vero75.o
                0x00003014                notify_usb_device_state_change_user
 .text.housekeeping_task_user
                0x0000304c        0x8 .build/obj_vero75_vero75_via/keyboards/vero75/vero75/vero75.o
                0x0000304c                housekeeping_task_user
 .text.board_init
                0x00003054        0x8 .build/obj_vero75_vero75_via/keyboards/vero75/vero75/vero75.o
                0x00003054                board_init
 .text.keyboard_post_init_user
                0x0000305c       0x18 .build/obj_vero75_vero75_via/keyboards/vero75/vero75/vero75.o
                0x0000305c                keyboard_post_init_user
 .text.process_record_user
                0x00003074       0x1c .build/obj_vero75_vero75_via/keyboards/vero75/vero75/vero75.o
                0x00003074                process_record_user
 .text.keycode_at_keymap_location_raw
                0x00003090       0x2c .build/obj_vero75_vero75_via/quantum/keymap_introspection.o
                0x00003090                keycode_at_keymap_location_raw
 .text.pre_process_record_user
                0x000030bc        0x4 .build/obj_vero75_vero75_via/quantum/quantum.o
                0x000030bc                pre_process_record_user
 .text.pre_process_record_kb
                0x000030c0        0x8 .build/obj_vero75_vero75_via/quantum/quantum.o
                0x000030c0                pre_process_record_kb
 .text.process_action_kb
                0x000030c8        0x4 .build/obj_vero75_vero75_via/quantum/quantum.o
                0x000030c8                process_action_kb
 .text.process_record_kb
                0x000030cc        0x8 .build/obj_vero75_vero75_via/quantum/quantum.o
                0x000030cc                process_record_kb
 .text.post_process_record_user
                0x000030d4        0x2 .build/obj_vero75_vero75_via/quantum/quantum.o
                0x000030d4                post_process_record_user
 .text.post_process_record_kb
                0x000030d6        0x8 .build/obj_vero75_vero75_via/quantum/quantum.o
                0x000030d6                post_process_record_kb
 *fill*         0x000030de        0x2 
 .text.get_event_keycode
                0x000030e0       0x4c .build/obj_vero75_vero75_via/quantum/quantum.o
                0x000030e0                get_event_keycode
 .text.get_record_keycode
                0x0000312c       0x16 .build/obj_vero75_vero75_via/quantum/quantum.o
                0x0000312c                get_record_keycode
 .text.pre_process_record_quantum
                0x00003142       0x12 .build/obj_vero75_vero75_via/quantum/quantum.o
                0x00003142                pre_process_record_quantum
 .text.post_process_record_quantum
                0x00003154       0x12 .build/obj_vero75_vero75_via/quantum/quantum.o
                0x00003154                post_process_record_quantum
 .text.shutdown_user
                0x00003166        0x4 .build/obj_vero75_vero75_via/quantum/quantum.o
                0x00003166                shutdown_user
 .text.shutdown_kb
                0x0000316a        0x8 .build/obj_vero75_vero75_via/quantum/quantum.o
                0x0000316a                shutdown_kb
 .text.shutdown_quantum
                0x00003172       0x16 .build/obj_vero75_vero75_via/quantum/quantum.o
                0x00003172                shutdown_quantum
 .text.reset_keyboard
                0x00003188        0xe .build/obj_vero75_vero75_via/quantum/quantum.o
                0x00003188                reset_keyboard
 .text.soft_reset_keyboard
                0x00003196        0xe .build/obj_vero75_vero75_via/quantum/quantum.o
                0x00003196                soft_reset_keyboard
 .text.process_record_quantum
                0x000031a4       0xcc .build/obj_vero75_vero75_via/quantum/quantum.o
                0x000031a4                process_record_quantum
 .text.suspend_wakeup_init_quantum
                0x00003270       0x12 .build/obj_vero75_vero75_via/quantum/quantum.o
                0x00003270                suspend_wakeup_init_quantum
 .text.led_set_user
                0x00003282        0x2 .build/obj_vero75_vero75_via/quantum/led.o
                0x00003282                led_set_user
 .text.led_update_user
                0x00003284        0x4 .build/obj_vero75_vero75_via/quantum/led.o
                0x00003284                led_update_user
 .text.led_update_ports
                0x00003288        0x2 .build/obj_vero75_vero75_via/quantum/led.o
                0x00003288                led_update_ports
 .text.led_update_kb
                0x0000328a       0x16 .build/obj_vero75_vero75_via/quantum/led.o
                0x0000328a                led_update_kb
 .text.led_init_ports
                0x000032a0        0x2 .build/obj_vero75_vero75_via/quantum/led.o
                0x000032a0                led_init_ports
 .text.led_set  0x000032a2       0x10 .build/obj_vero75_vero75_via/quantum/led.o
                0x000032a2                led_set
 .text.led_wakeup
                0x000032b2        0xc .build/obj_vero75_vero75_via/quantum/led.o
                0x000032b2                led_wakeup
 *fill*         0x000032be        0x2 
 .text.led_task
                0x000032c0       0x2c .build/obj_vero75_vero75_via/quantum/led.o
                0x000032c0                led_task
 .text.action_exec
                0x000032ec       0x44 .build/obj_vero75_vero75_via/quantum/action.o
                0x000032ec                action_exec
 .text.process_record_tap_hint
                0x00003330       0x10 .build/obj_vero75_vero75_via/quantum/action.o
                0x00003330                process_record_tap_hint
 .text.register_mouse
                0x00003340       0x16 .build/obj_vero75_vero75_via/quantum/action.o
                0x00003340                register_mouse
 *fill*         0x00003356        0x2 
 .text.register_code
                0x00003358       0xd8 .build/obj_vero75_vero75_via/quantum/action.o
                0x00003358                register_code
 .text.unregister_code
                0x00003430       0xb6 .build/obj_vero75_vero75_via/quantum/action.o
                0x00003430                unregister_code
 .text.tap_code_delay
                0x000034e6       0x1c .build/obj_vero75_vero75_via/quantum/action.o
                0x000034e6                tap_code_delay
 .text.tap_code
                0x00003502       0x10 .build/obj_vero75_vero75_via/quantum/action.o
                0x00003502                tap_code
 .text.register_mods
                0x00003512       0x10 .build/obj_vero75_vero75_via/quantum/action.o
                0x00003512                register_mods
 .text.unregister_mods
                0x00003522       0x10 .build/obj_vero75_vero75_via/quantum/action.o
                0x00003522                unregister_mods
 *fill*         0x00003532        0x2 
 .text.process_action
                0x00003534      0x3c0 .build/obj_vero75_vero75_via/quantum/action.o
                0x00003534                process_action
 .text.process_record_handler
                0x000038f4       0x20 .build/obj_vero75_vero75_via/quantum/action.o
                0x000038f4                process_record_handler
 .text.process_record
                0x00003914       0x44 .build/obj_vero75_vero75_via/quantum/action.o
                0x00003914                process_record
 .text.clear_keyboard_but_mods_and_keys
                0x00003958       0x20 .build/obj_vero75_vero75_via/quantum/action.o
                0x00003958                clear_keyboard_but_mods_and_keys
 .text.clear_keyboard_but_mods
                0x00003978        0xc .build/obj_vero75_vero75_via/quantum/action.o
                0x00003978                clear_keyboard_but_mods
 .text.clear_keyboard
                0x00003984        0xc .build/obj_vero75_vero75_via/quantum/action.o
                0x00003984                clear_keyboard
 .text.is_tap_action
                0x00003990       0x50 .build/obj_vero75_vero75_via/quantum/action.o
                0x00003990                is_tap_action
 .text.is_tap_record
                0x000039e0       0x18 .build/obj_vero75_vero75_via/quantum/action.o
                0x000039e0                is_tap_record
 .text.debug_event
                0x000039f8        0x6 .build/obj_vero75_vero75_via/quantum/action.o
                0x000039f8                debug_event
 .text.debug_record
                0x000039fe        0x6 .build/obj_vero75_vero75_via/quantum/action.o
                0x000039fe                debug_record
 .text.default_layer_state_set_user
                0x00003a04        0x2 .build/obj_vero75_vero75_via/quantum/action_layer.o
                0x00003a04                default_layer_state_set_user
 .text.default_layer_state_set_kb
                0x00003a06        0x8 .build/obj_vero75_vero75_via/quantum/action_layer.o
                0x00003a06                default_layer_state_set_kb
 *fill*         0x00003a0e        0x2 
 .text.default_layer_state_set
                0x00003a10       0x10 .build/obj_vero75_vero75_via/quantum/action_layer.o
 .text.default_layer_debug
                0x00003a20        0x2 .build/obj_vero75_vero75_via/quantum/action_layer.o
                0x00003a20                default_layer_debug
 .text.default_layer_set
                0x00003a22        0x8 .build/obj_vero75_vero75_via/quantum/action_layer.o
                0x00003a22                default_layer_set
 *fill*         0x00003a2a        0x2 
 .text.default_layer_or
                0x00003a2c       0x14 .build/obj_vero75_vero75_via/quantum/action_layer.o
                0x00003a2c                default_layer_or
 .text.default_layer_and
                0x00003a40       0x14 .build/obj_vero75_vero75_via/quantum/action_layer.o
                0x00003a40                default_layer_and
 .text.default_layer_xor
                0x00003a54       0x14 .build/obj_vero75_vero75_via/quantum/action_layer.o
                0x00003a54                default_layer_xor
 .text.layer_state_set_user
                0x00003a68        0x2 .build/obj_vero75_vero75_via/quantum/action_layer.o
                0x00003a68                layer_state_set_user
 .text.layer_state_set_kb
                0x00003a6a        0x8 .build/obj_vero75_vero75_via/quantum/action_layer.o
                0x00003a6a                layer_state_set_kb
 *fill*         0x00003a72        0x2 
 .text.layer_state_set
                0x00003a74       0x10 .build/obj_vero75_vero75_via/quantum/action_layer.o
                0x00003a74                layer_state_set
 .text.layer_clear
                0x00003a84        0xa .build/obj_vero75_vero75_via/quantum/action_layer.o
                0x00003a84                layer_clear
 .text.layer_move
                0x00003a8e        0xe .build/obj_vero75_vero75_via/quantum/action_layer.o
                0x00003a8e                layer_move
 .text.layer_on
                0x00003a9c       0x18 .build/obj_vero75_vero75_via/quantum/action_layer.o
                0x00003a9c                layer_on
 .text.layer_off
                0x00003ab4       0x18 .build/obj_vero75_vero75_via/quantum/action_layer.o
                0x00003ab4                layer_off
 .text.layer_invert
                0x00003acc       0x18 .build/obj_vero75_vero75_via/quantum/action_layer.o
                0x00003acc                layer_invert
 .text.layer_or
                0x00003ae4       0x14 .build/obj_vero75_vero75_via/quantum/action_layer.o
                0x00003ae4                layer_or
 .text.layer_and
                0x00003af8       0x14 .build/obj_vero75_vero75_via/quantum/action_layer.o
                0x00003af8                layer_and
 .text.layer_xor
                0x00003b0c       0x14 .build/obj_vero75_vero75_via/quantum/action_layer.o
                0x00003b0c                layer_xor
 .text.layer_debug
                0x00003b20        0x2 .build/obj_vero75_vero75_via/quantum/action_layer.o
                0x00003b20                layer_debug
 .text.update_source_layers_cache_impl
                0x00003b22       0x32 .build/obj_vero75_vero75_via/quantum/action_layer.o
                0x00003b22                update_source_layers_cache_impl
 .text.read_source_layers_cache_impl
                0x00003b54       0x28 .build/obj_vero75_vero75_via/quantum/action_layer.o
                0x00003b54                read_source_layers_cache_impl
 .text.update_source_layers_cache
                0x00003b7c       0x28 .build/obj_vero75_vero75_via/quantum/action_layer.o
                0x00003b7c                update_source_layers_cache
 .text.read_source_layers_cache
                0x00003ba4       0x28 .build/obj_vero75_vero75_via/quantum/action_layer.o
                0x00003ba4                read_source_layers_cache
 .text.layer_switch_get_layer
                0x00003bcc       0x44 .build/obj_vero75_vero75_via/quantum/action_layer.o
                0x00003bcc                layer_switch_get_layer
 .text.layer_switch_get_action
                0x00003c10       0x14 .build/obj_vero75_vero75_via/quantum/action_layer.o
                0x00003c10                layer_switch_get_action
 .text.store_or_get_action
                0x00003c24       0x44 .build/obj_vero75_vero75_via/quantum/action_layer.o
                0x00003c24                store_or_get_action
 .text.update_tri_layer_state
                0x00003c68       0x2a .build/obj_vero75_vero75_via/quantum/action_layer.o
                0x00003c68                update_tri_layer_state
 *fill*         0x00003c92        0x2 
 .text.update_tri_layer
                0x00003c94       0x1c .build/obj_vero75_vero75_via/quantum/action_layer.o
                0x00003c94                update_tri_layer
 .text.debug_waiting_buffer
                0x00003cb0       0x40 .build/obj_vero75_vero75_via/quantum/action_tapping.o
 .text.debug_tapping_key
                0x00003cf0       0x20 .build/obj_vero75_vero75_via/quantum/action_tapping.o
 .text.waiting_buffer_scan_tap
                0x00003d10       0x7c .build/obj_vero75_vero75_via/quantum/action_tapping.o
 .text.waiting_buffer_typed.isra.0
                0x00003d8c       0x48 .build/obj_vero75_vero75_via/quantum/action_tapping.o
 .text.process_tapping
                0x00003dd4      0x230 .build/obj_vero75_vero75_via/quantum/action_tapping.o
 .text.action_tapping_process
                0x00004004       0xb8 .build/obj_vero75_vero75_via/quantum/action_tapping.o
                0x00004004                action_tapping_process
 .text.get_oneshot_layer
                0x000040bc        0xc .build/obj_vero75_vero75_via/quantum/action_util.o
                0x000040bc                get_oneshot_layer
 .text.get_oneshot_layer_state
                0x000040c8       0x10 .build/obj_vero75_vero75_via/quantum/action_util.o
                0x000040c8                get_oneshot_layer_state
 .text.is_oneshot_layer_active
                0x000040d8       0x14 .build/obj_vero75_vero75_via/quantum/action_util.o
                0x000040d8                is_oneshot_layer_active
 .text.send_keyboard_report
                0x000040ec       0x2c .build/obj_vero75_vero75_via/quantum/action_util.o
                0x000040ec                send_keyboard_report
 .text.get_mods
                0x00004118        0xc .build/obj_vero75_vero75_via/quantum/action_util.o
                0x00004118                get_mods
 .text.add_mods
                0x00004124       0x1c .build/obj_vero75_vero75_via/quantum/action_util.o
                0x00004124                add_mods
 .text.del_mods
                0x00004140       0x1c .build/obj_vero75_vero75_via/quantum/action_util.o
                0x00004140                del_mods
 .text.clear_mods
                0x0000415c        0xc .build/obj_vero75_vero75_via/quantum/action_util.o
                0x0000415c                clear_mods
 .text.add_weak_mods
                0x00004168       0x10 .build/obj_vero75_vero75_via/quantum/action_util.o
                0x00004168                add_weak_mods
 .text.del_weak_mods
                0x00004178       0x10 .build/obj_vero75_vero75_via/quantum/action_util.o
                0x00004178                del_weak_mods
 .text.clear_weak_mods
                0x00004188        0xc .build/obj_vero75_vero75_via/quantum/action_util.o
                0x00004188                clear_weak_mods
 .text.oneshot_locked_mods_changed_user
                0x00004194        0x2 .build/obj_vero75_vero75_via/quantum/action_util.o
                0x00004194                oneshot_locked_mods_changed_user
 .text.oneshot_locked_mods_changed_kb
                0x00004196        0x8 .build/obj_vero75_vero75_via/quantum/action_util.o
                0x00004196                oneshot_locked_mods_changed_kb
 *fill*         0x0000419e        0x2 
 .text.del_oneshot_locked_mods
                0x000041a0       0x1c .build/obj_vero75_vero75_via/quantum/action_util.o
                0x000041a0                del_oneshot_locked_mods
 .text.oneshot_mods_changed_user
                0x000041bc        0x2 .build/obj_vero75_vero75_via/quantum/action_util.o
                0x000041bc                oneshot_mods_changed_user
 .text.oneshot_mods_changed_kb
                0x000041be        0x8 .build/obj_vero75_vero75_via/quantum/action_util.o
                0x000041be                oneshot_mods_changed_kb
 *fill*         0x000041c6        0x2 
 .text.add_oneshot_mods
                0x000041c8       0x1c .build/obj_vero75_vero75_via/quantum/action_util.o
                0x000041c8                add_oneshot_mods
 .text.del_oneshot_mods
                0x000041e4       0x1c .build/obj_vero75_vero75_via/quantum/action_util.o
                0x000041e4                del_oneshot_mods
 .text.oneshot_layer_changed_user
                0x00004200        0x2 .build/obj_vero75_vero75_via/quantum/action_util.o
                0x00004200                oneshot_layer_changed_user
 .text.oneshot_layer_changed_kb
                0x00004202        0x8 .build/obj_vero75_vero75_via/quantum/action_util.o
                0x00004202                oneshot_layer_changed_kb
 *fill*         0x0000420a        0x2 
 .text.set_oneshot_layer
                0x0000420c       0x30 .build/obj_vero75_vero75_via/quantum/action_util.o
                0x0000420c                set_oneshot_layer
 .text.reset_oneshot_layer
                0x0000423c       0x14 .build/obj_vero75_vero75_via/quantum/action_util.o
                0x0000423c                reset_oneshot_layer
 .text.clear_oneshot_layer_state
                0x00004250       0x30 .build/obj_vero75_vero75_via/quantum/action_util.o
                0x00004250                clear_oneshot_layer_state
 .text.oneshot_set
                0x00004280       0x30 .build/obj_vero75_vero75_via/quantum/action_util.o
                0x00004280                oneshot_set
 .text.oneshot_toggle
                0x000042b0       0x18 .build/obj_vero75_vero75_via/quantum/action_util.o
                0x000042b0                oneshot_toggle
 .text.oneshot_enable
                0x000042c8        0xa .build/obj_vero75_vero75_via/quantum/action_util.o
                0x000042c8                oneshot_enable
 .text.oneshot_disable
                0x000042d2        0xa .build/obj_vero75_vero75_via/quantum/action_util.o
                0x000042d2                oneshot_disable
 .text.eeconfig_init_user
                0x000042dc        0x2 .build/obj_vero75_vero75_via/quantum/eeconfig.o
                0x000042dc                eeconfig_init_user
 .text.eeconfig_init_kb
                0x000042de        0x8 .build/obj_vero75_vero75_via/quantum/eeconfig.o
                0x000042de                eeconfig_init_kb
 *fill*         0x000042e6        0x2 
 .text.eeconfig_disable
                0x000042e8       0x14 .build/obj_vero75_vero75_via/quantum/eeconfig.o
                0x000042e8                eeconfig_disable
 .text.eeconfig_is_enabled
                0x000042fc       0x1c .build/obj_vero75_vero75_via/quantum/eeconfig.o
                0x000042fc                eeconfig_is_enabled
 .text.eeconfig_read_debug
                0x00004318        0xa .build/obj_vero75_vero75_via/quantum/eeconfig.o
                0x00004318                eeconfig_read_debug
 .text.eeconfig_read_default_layer
                0x00004322        0xa .build/obj_vero75_vero75_via/quantum/eeconfig.o
                0x00004322                eeconfig_read_default_layer
 .text.eeconfig_read_keymap
                0x0000432c        0xa .build/obj_vero75_vero75_via/quantum/eeconfig.o
                0x0000432c                eeconfig_read_keymap
 .text.eeconfig_update_keymap
                0x00004336        0xc .build/obj_vero75_vero75_via/quantum/eeconfig.o
                0x00004336                eeconfig_update_keymap
 .text.eeconfig_update_handedness
                0x00004342        0xc .build/obj_vero75_vero75_via/quantum/eeconfig.o
                0x00004342                eeconfig_update_handedness
 .text.eeconfig_update_kb_datablock
                0x0000434e       0x18 .build/obj_vero75_vero75_via/quantum/eeconfig.o
                0x0000434e                eeconfig_update_kb_datablock
 *fill*         0x00004366        0x2 
 .text.eeconfig_init_kb_datablock
                0x00004368       0x14 .build/obj_vero75_vero75_via/quantum/eeconfig.o
                0x00004368                eeconfig_init_kb_datablock
 .text.eeconfig_update_user_datablock
                0x0000437c       0x18 .build/obj_vero75_vero75_via/quantum/eeconfig.o
                0x0000437c                eeconfig_update_user_datablock
 .text.eeconfig_init_user_datablock
                0x00004394        0xe .build/obj_vero75_vero75_via/quantum/eeconfig.o
                0x00004394                eeconfig_init_user_datablock
 *fill*         0x000043a2        0x2 
 .text.eeconfig_init_quantum
                0x000043a4       0xa0 .build/obj_vero75_vero75_via/quantum/eeconfig.o
                0x000043a4                eeconfig_init_quantum
 .text.eeconfig_init
                0x00004444        0x8 .build/obj_vero75_vero75_via/quantum/eeconfig.o
                0x00004444                eeconfig_init
 .text.generate_tick_event
                0x0000444c       0x30 .build/obj_vero75_vero75_via/quantum/keyboard.o
 .text.last_matrix_activity_trigger
                0x0000447c       0x18 .build/obj_vero75_vero75_via/quantum/keyboard.o
                0x0000447c                last_matrix_activity_trigger
 .text.matrix_setup
                0x00004494        0x2 .build/obj_vero75_vero75_via/quantum/keyboard.o
                0x00004494                matrix_setup
 .text.keyboard_pre_init_user
                0x00004496        0x2 .build/obj_vero75_vero75_via/quantum/keyboard.o
                0x00004496                keyboard_pre_init_user
 .text.keyboard_pre_init_kb
                0x00004498        0x8 .build/obj_vero75_vero75_via/quantum/keyboard.o
                0x00004498                keyboard_pre_init_kb
 .text.keyboard_post_init_kb
                0x000044a0        0x8 .build/obj_vero75_vero75_via/quantum/keyboard.o
                0x000044a0                keyboard_post_init_kb
 .text.matrix_can_read
                0x000044a8        0x4 .build/obj_vero75_vero75_via/quantum/keyboard.o
                0x000044a8                matrix_can_read
 .text.keyboard_setup
                0x000044ac       0x1c .build/obj_vero75_vero75_via/quantum/keyboard.o
                0x000044ac                keyboard_setup
 .text.is_keyboard_master
                0x000044c8        0x4 .build/obj_vero75_vero75_via/quantum/keyboard.o
                0x000044c8                is_keyboard_master
 .text.should_process_keypress
                0x000044cc        0x8 .build/obj_vero75_vero75_via/quantum/keyboard.o
                0x000044cc                should_process_keypress
 .text.housekeeping_task_kb
                0x000044d4        0x2 .build/obj_vero75_vero75_via/quantum/keyboard.o
                0x000044d4                housekeeping_task_kb
 .text.housekeeping_task
                0x000044d6        0xc .build/obj_vero75_vero75_via/quantum/keyboard.o
                0x000044d6                housekeeping_task
 .text.quantum_init
                0x000044e2       0x10 .build/obj_vero75_vero75_via/quantum/keyboard.o
                0x000044e2                quantum_init
 *fill*         0x000044f2        0x2 
 .text.keyboard_init
                0x000044f4       0x30 .build/obj_vero75_vero75_via/quantum/keyboard.o
                0x000044f4                keyboard_init
 .text.keyboard_task
                0x00004524       0xe8 .build/obj_vero75_vero75_via/quantum/keyboard.o
                0x00004524                keyboard_task
 .text.action_for_keycode
                0x0000460c      0x1d4 .build/obj_vero75_vero75_via/quantum/keymap_common.o
                0x0000460c                action_for_keycode
 .text.keymap_key_to_keycode
                0x000047e0       0x20 .build/obj_vero75_vero75_via/quantum/keymap_common.o
                0x000047e0                keymap_key_to_keycode
 .text.action_for_key
                0x00004800       0x12 .build/obj_vero75_vero75_via/quantum/keymap_common.o
                0x00004800                action_for_key
 *fill*         0x00004812        0x2 
 .text.keycode_config
                0x00004814      0x124 .build/obj_vero75_vero75_via/quantum/keycode_config.o
                0x00004814                keycode_config
 .text.mod_config
                0x00004938       0x98 .build/obj_vero75_vero75_via/quantum/keycode_config.o
                0x00004938                mod_config
 .text.sendchar
                0x000049d0        0x4 .build/obj_vero75_vero75_via/quantum/logging/sendchar.o
                0x000049d0                sendchar
 .text.null_sendchar_func
                0x000049d4        0x4 .build/obj_vero75_vero75_via/quantum/logging/print.o
 .text.print_set_sendchar
                0x000049d8        0xc .build/obj_vero75_vero75_via/quantum/logging/print.o
                0x000049d8                print_set_sendchar
 .text.bootmagic_lite_reset_eeprom
                0x000049e4        0x8 .build/obj_vero75_vero75_via/quantum/bootmagic/bootmagic_lite.o
                0x000049e4                bootmagic_lite_reset_eeprom
 .text.bootmagic_lite
                0x000049ec       0x3c .build/obj_vero75_vero75_via/quantum/bootmagic/bootmagic_lite.o
                0x000049ec                bootmagic_lite
 .text.bootmagic
                0x00004a28        0x8 .build/obj_vero75_vero75_via/quantum/bootmagic/bootmagic_lite.o
                0x00004a28                bootmagic
 .text.magic    0x00004a30       0x40 .build/obj_vero75_vero75_via/quantum/bootmagic/magic.o
                0x00004a30                magic
 .text.matrix_init_user
                0x00004a70        0x2 .build/obj_vero75_vero75_via/quantum/matrix_common.o
                0x00004a70                matrix_init_user
 .text.matrix_init_kb
                0x00004a72        0x8 .build/obj_vero75_vero75_via/quantum/matrix_common.o
                0x00004a72                matrix_init_kb
 .text.matrix_scan_user
                0x00004a7a        0x2 .build/obj_vero75_vero75_via/quantum/matrix_common.o
                0x00004a7a                matrix_scan_user
 .text.matrix_scan_kb
                0x00004a7c        0x8 .build/obj_vero75_vero75_via/quantum/matrix_common.o
                0x00004a7c                matrix_scan_kb
 .text.matrix_get_row
                0x00004a84        0xc .build/obj_vero75_vero75_via/quantum/matrix_common.o
                0x00004a84                matrix_get_row
 .text.matrix_print
                0x00004a90        0x2 .build/obj_vero75_vero75_via/quantum/matrix_common.o
                0x00004a90                matrix_print
 *fill*         0x00004a92        0x2 
 .text.unselect_col
                0x00004a94       0x30 .build/obj_vero75_vero75_via/quantum/matrix.o
 .text.matrix_init_pins
                0x00004ac4       0x44 .build/obj_vero75_vero75_via/quantum/matrix.o
                0x00004ac4                matrix_init_pins
 .text.matrix_read_rows_on_col
                0x00004b08       0x88 .build/obj_vero75_vero75_via/quantum/matrix.o
                0x00004b08                matrix_read_rows_on_col
 .text.matrix_init
                0x00004b90       0x30 .build/obj_vero75_vero75_via/quantum/matrix.o
                0x00004b90                matrix_init
 .text.matrix_scan
                0x00004bc0       0x6c .build/obj_vero75_vero75_via/quantum/matrix.o
                0x00004bc0                matrix_scan
 .text.debounce_init
                0x00004c2c       0x2c .build/obj_vero75_vero75_via/quantum/debounce/sym_eager_pk.o
                0x00004c2c                debounce_init
 .text.debounce
                0x00004c58      0x138 .build/obj_vero75_vero75_via/quantum/debounce/sym_eager_pk.o
                0x00004c58                debounce
 .text.protocol_init
                0x00004d90       0x10 .build/obj_vero75_vero75_via/quantum/main.o
                0x00004d90                protocol_init
 .text.protocol_task
                0x00004da0       0x10 .build/obj_vero75_vero75_via/quantum/main.o
                0x00004da0                protocol_task
 .text.startup.main
                0x00004db0       0x1c .build/obj_vero75_vero75_via/quantum/main.o
                0x00004db0                main
 .text.eeprom_read_byte
                0x00004dcc       0x18 .build/obj_vero75_vero75_via/eeprom_driver.o
                0x00004dcc                eeprom_read_byte
 .text.eeprom_read_word
                0x00004de4       0x18 .build/obj_vero75_vero75_via/eeprom_driver.o
                0x00004de4                eeprom_read_word
 .text.eeprom_read_dword
                0x00004dfc       0x14 .build/obj_vero75_vero75_via/eeprom_driver.o
                0x00004dfc                eeprom_read_dword
 .text.eeprom_write_byte
                0x00004e10       0x14 .build/obj_vero75_vero75_via/eeprom_driver.o
                0x00004e10                eeprom_write_byte
 .text.eeprom_write_word
                0x00004e24       0x14 .build/obj_vero75_vero75_via/eeprom_driver.o
                0x00004e24                eeprom_write_word
 .text.eeprom_write_dword
                0x00004e38       0x10 .build/obj_vero75_vero75_via/eeprom_driver.o
                0x00004e38                eeprom_write_dword
 .text.eeprom_update_block
                0x00004e48       0x3a .build/obj_vero75_vero75_via/eeprom_driver.o
                0x00004e48                eeprom_update_block
 .text.eeprom_update_byte
                0x00004e82       0x18 .build/obj_vero75_vero75_via/eeprom_driver.o
                0x00004e82                eeprom_update_byte
 .text.eeprom_update_word
                0x00004e9a       0x18 .build/obj_vero75_vero75_via/eeprom_driver.o
                0x00004e9a                eeprom_update_word
 .text.eeprom_update_dword
                0x00004eb2       0x18 .build/obj_vero75_vero75_via/eeprom_driver.o
                0x00004eb2                eeprom_update_dword
 *fill*         0x00004eca        0x2 
 .text.hsv_to_rgb_impl
                0x00004ecc       0xb8 .build/obj_vero75_vero75_via/quantum/color.o
                0x00004ecc                hsv_to_rgb_impl
 .text.hsv_to_rgb
                0x00004f84       0x2c .build/obj_vero75_vero75_via/quantum/color.o
                0x00004f84                hsv_to_rgb
 .text.sqrt16   0x00004fb0       0x44 .build/obj_vero75_vero75_via/quantum/rgb_matrix/rgb_matrix.o
 .text.random8  0x00004ff4       0x24 .build/obj_vero75_vero75_via/quantum/rgb_matrix/rgb_matrix.o
 .text.sin8_C   0x00005018       0x40 .build/obj_vero75_vero75_via/quantum/rgb_matrix/rgb_matrix.o
 .text.BAND_SAT_math
                0x00005058       0x48 .build/obj_vero75_vero75_via/quantum/rgb_matrix/rgb_matrix.o
 .text.BAND_VAL_math
                0x000050a0       0x50 .build/obj_vero75_vero75_via/quantum/rgb_matrix/rgb_matrix.o
 .text.CYCLE_ALL_math
                0x000050f0       0x14 .build/obj_vero75_vero75_via/quantum/rgb_matrix/rgb_matrix.o
 .text.CYCLE_LEFT_RIGHT_math
                0x00005104       0x24 .build/obj_vero75_vero75_via/quantum/rgb_matrix/rgb_matrix.o
 .text.CYCLE_UP_DOWN_math
                0x00005128       0x24 .build/obj_vero75_vero75_via/quantum/rgb_matrix/rgb_matrix.o
 .text.RAINBOW_MOVING_CHEVRON_math
                0x0000514c       0x44 .build/obj_vero75_vero75_via/quantum/rgb_matrix/rgb_matrix.o
 .text.CYCLE_OUT_IN_math
                0x00005190       0x20 .build/obj_vero75_vero75_via/quantum/rgb_matrix/rgb_matrix.o
 .text.CYCLE_OUT_IN_DUAL_math
                0x000051b0       0x3a .build/obj_vero75_vero75_via/quantum/rgb_matrix/rgb_matrix.o
 *fill*         0x000051ea        0x2 
 .text.DUAL_BEACON_math
                0x000051ec       0x3c .build/obj_vero75_vero75_via/quantum/rgb_matrix/rgb_matrix.o
 .text.RAINBOW_BEACON_math
                0x00005228       0x3c .build/obj_vero75_vero75_via/quantum/rgb_matrix/rgb_matrix.o
 .text.RAINBOW_PINWHEELS_math
                0x00005264       0x54 .build/obj_vero75_vero75_via/quantum/rgb_matrix/rgb_matrix.o
 .text.FLOWER_BLOOMING_math
                0x000052b8       0x38 .build/obj_vero75_vero75_via/quantum/rgb_matrix/rgb_matrix.o
 .text.HUE_PENDULUM_math
                0x000052f0       0x50 .build/obj_vero75_vero75_via/quantum/rgb_matrix/rgb_matrix.o
 .text.HUE_WAVE_math
                0x00005340       0x38 .build/obj_vero75_vero75_via/quantum/rgb_matrix/rgb_matrix.o
 .text.SOLID_REACTIVE_math
                0x00005378       0x1c .build/obj_vero75_vero75_via/quantum/rgb_matrix/rgb_matrix.o
 .text.SOLID_REACTIVE_WIDE_math
                0x00005394       0x42 .build/obj_vero75_vero75_via/quantum/rgb_matrix/rgb_matrix.o
 .text.SOLID_REACTIVE_CROSS_math
                0x000053d6       0x72 .build/obj_vero75_vero75_via/quantum/rgb_matrix/rgb_matrix.o
 .text.SOLID_REACTIVE_NEXUS_math
                0x00005448       0x74 .build/obj_vero75_vero75_via/quantum/rgb_matrix/rgb_matrix.o
 .text.SPLASH_math
                0x000054bc       0x46 .build/obj_vero75_vero75_via/quantum/rgb_matrix/rgb_matrix.o
                0x000054bc                SPLASH_math
 .text.SOLID_SPLASH_math
                0x00005502       0x3e .build/obj_vero75_vero75_via/quantum/rgb_matrix/rgb_matrix.o
                0x00005502                SOLID_SPLASH_math
 .text.eeconfig_flag_rgb_matrix
                0x00005540       0x10 .build/obj_vero75_vero75_via/quantum/rgb_matrix/rgb_matrix.o
 .text.eeconfig_init_rgb_matrix
                0x00005550       0x20 .build/obj_vero75_vero75_via/quantum/rgb_matrix/rgb_matrix.o
 .text.atan2_8  0x00005570       0x40 .build/obj_vero75_vero75_via/quantum/rgb_matrix/rgb_matrix.o
 .text.BAND_PINWHEEL_SAT_math
                0x000055b0       0x2e .build/obj_vero75_vero75_via/quantum/rgb_matrix/rgb_matrix.o
 .text.BAND_PINWHEEL_VAL_math
                0x000055de       0x34 .build/obj_vero75_vero75_via/quantum/rgb_matrix/rgb_matrix.o
 .text.BAND_SPIRAL_SAT_math
                0x00005612       0x30 .build/obj_vero75_vero75_via/quantum/rgb_matrix/rgb_matrix.o
 .text.BAND_SPIRAL_VAL_math
                0x00005642       0x36 .build/obj_vero75_vero75_via/quantum/rgb_matrix/rgb_matrix.o
 .text.CYCLE_PINWHEEL_math
                0x00005678       0x20 .build/obj_vero75_vero75_via/quantum/rgb_matrix/rgb_matrix.o
 .text.CYCLE_SPIRAL_math
                0x00005698       0x26 .build/obj_vero75_vero75_via/quantum/rgb_matrix/rgb_matrix.o
 *fill*         0x000056be        0x2 
 .text.eeconfig_flush_rgb_matrix.part.0
                0x000056c0       0x1c .build/obj_vero75_vero75_via/quantum/rgb_matrix/rgb_matrix.o
 .text.rgb_matrix_hsv_to_rgb
                0x000056dc       0x28 .build/obj_vero75_vero75_via/quantum/rgb_matrix/rgb_matrix.o
                0x000056dc                rgb_matrix_hsv_to_rgb
 .text.eeconfig_update_rgb_matrix
                0x00005704        0x8 .build/obj_vero75_vero75_via/quantum/rgb_matrix/rgb_matrix.o
                0x00005704                eeconfig_update_rgb_matrix
 .text.eeconfig_update_rgb_matrix_default
                0x0000570c       0x28 .build/obj_vero75_vero75_via/quantum/rgb_matrix/rgb_matrix.o
                0x0000570c                eeconfig_update_rgb_matrix_default
 .text.rgb_matrix_map_row_column_to_led_kb
                0x00005734        0x4 .build/obj_vero75_vero75_via/quantum/rgb_matrix/rgb_matrix.o
                0x00005734                rgb_matrix_map_row_column_to_led_kb
 .text.rgb_matrix_map_row_column_to_led
                0x00005738       0x24 .build/obj_vero75_vero75_via/quantum/rgb_matrix/rgb_matrix.o
                0x00005738                rgb_matrix_map_row_column_to_led
 .text.rgb_matrix_update_pwm_buffers
                0x0000575c       0x10 .build/obj_vero75_vero75_via/quantum/rgb_matrix/rgb_matrix.o
                0x0000575c                rgb_matrix_update_pwm_buffers
 .text.rgb_matrix_set_color
                0x0000576c       0x10 .build/obj_vero75_vero75_via/quantum/rgb_matrix/rgb_matrix.o
                0x0000576c                rgb_matrix_set_color
 .text.raindrops_set_color.isra.0
                0x0000577c       0x64 .build/obj_vero75_vero75_via/quantum/rgb_matrix/rgb_matrix.o
 .text.jellybean_raindrops_set_color.isra.0
                0x000057e0       0x48 .build/obj_vero75_vero75_via/quantum/rgb_matrix/rgb_matrix.o
 .text.set_starlight_color
                0x00005828       0x64 .build/obj_vero75_vero75_via/quantum/rgb_matrix/rgb_matrix.o
                0x00005828                set_starlight_color
 .text.set_starlight_dual_sat_color
                0x0000588c       0x7c .build/obj_vero75_vero75_via/quantum/rgb_matrix/rgb_matrix.o
                0x0000588c                set_starlight_dual_sat_color
 .text.set_starlight_dual_hue_color
                0x00005908       0x7c .build/obj_vero75_vero75_via/quantum/rgb_matrix/rgb_matrix.o
                0x00005908                set_starlight_dual_hue_color
 .text.rgb_matrix_set_color_all
                0x00005984       0x10 .build/obj_vero75_vero75_via/quantum/rgb_matrix/rgb_matrix.o
                0x00005984                rgb_matrix_set_color_all
 .text.DIGITAL_RAIN
                0x00005994      0x15c .build/obj_vero75_vero75_via/quantum/rgb_matrix/rgb_matrix.o
                0x00005994                DIGITAL_RAIN
 .text.process_rgb_matrix
                0x00005af0       0xdc .build/obj_vero75_vero75_via/quantum/rgb_matrix/rgb_matrix.o
                0x00005af0                process_rgb_matrix
 .text.rgb_matrix_indicators_user
                0x00005bcc        0x4 .build/obj_vero75_vero75_via/quantum/rgb_matrix/rgb_matrix.o
                0x00005bcc                rgb_matrix_indicators_user
 .text.rgb_matrix_indicators_kb
                0x00005bd0        0x8 .build/obj_vero75_vero75_via/quantum/rgb_matrix/rgb_matrix.o
                0x00005bd0                rgb_matrix_indicators_kb
 .text.rgb_matrix_get_limits
                0x00005bd8       0x24 .build/obj_vero75_vero75_via/quantum/rgb_matrix/rgb_matrix.o
                0x00005bd8                rgb_matrix_get_limits
 .text.effect_runner_dx_dy_dist
                0x00005bfc       0xe4 .build/obj_vero75_vero75_via/quantum/rgb_matrix/rgb_matrix.o
                0x00005bfc                effect_runner_dx_dy_dist
 .text.BAND_SPIRAL_SAT
                0x00005ce0       0x10 .build/obj_vero75_vero75_via/quantum/rgb_matrix/rgb_matrix.o
                0x00005ce0                BAND_SPIRAL_SAT
 .text.BAND_SPIRAL_VAL
                0x00005cf0       0x10 .build/obj_vero75_vero75_via/quantum/rgb_matrix/rgb_matrix.o
                0x00005cf0                BAND_SPIRAL_VAL
 .text.CYCLE_OUT_IN
                0x00005d00       0x10 .build/obj_vero75_vero75_via/quantum/rgb_matrix/rgb_matrix.o
                0x00005d00                CYCLE_OUT_IN
 .text.CYCLE_SPIRAL
                0x00005d10       0x10 .build/obj_vero75_vero75_via/quantum/rgb_matrix/rgb_matrix.o
                0x00005d10                CYCLE_SPIRAL
 .text.effect_runner_dx_dy
                0x00005d20       0xcc .build/obj_vero75_vero75_via/quantum/rgb_matrix/rgb_matrix.o
                0x00005d20                effect_runner_dx_dy
 .text.BAND_PINWHEEL_SAT
                0x00005dec       0x10 .build/obj_vero75_vero75_via/quantum/rgb_matrix/rgb_matrix.o
                0x00005dec                BAND_PINWHEEL_SAT
 .text.BAND_PINWHEEL_VAL
                0x00005dfc       0x10 .build/obj_vero75_vero75_via/quantum/rgb_matrix/rgb_matrix.o
                0x00005dfc                BAND_PINWHEEL_VAL
 .text.CYCLE_OUT_IN_DUAL
                0x00005e0c       0x10 .build/obj_vero75_vero75_via/quantum/rgb_matrix/rgb_matrix.o
                0x00005e0c                CYCLE_OUT_IN_DUAL
 .text.CYCLE_PINWHEEL
                0x00005e1c       0x10 .build/obj_vero75_vero75_via/quantum/rgb_matrix/rgb_matrix.o
                0x00005e1c                CYCLE_PINWHEEL
 .text.effect_runner_i
                0x00005e2c       0xa8 .build/obj_vero75_vero75_via/quantum/rgb_matrix/rgb_matrix.o
                0x00005e2c                effect_runner_i
 .text.BAND_SAT
                0x00005ed4       0x10 .build/obj_vero75_vero75_via/quantum/rgb_matrix/rgb_matrix.o
                0x00005ed4                BAND_SAT
 .text.BAND_VAL
                0x00005ee4       0x10 .build/obj_vero75_vero75_via/quantum/rgb_matrix/rgb_matrix.o
                0x00005ee4                BAND_VAL
 .text.CYCLE_ALL
                0x00005ef4       0x10 .build/obj_vero75_vero75_via/quantum/rgb_matrix/rgb_matrix.o
                0x00005ef4                CYCLE_ALL
 .text.CYCLE_LEFT_RIGHT
                0x00005f04       0x10 .build/obj_vero75_vero75_via/quantum/rgb_matrix/rgb_matrix.o
                0x00005f04                CYCLE_LEFT_RIGHT
 .text.CYCLE_UP_DOWN
                0x00005f14       0x10 .build/obj_vero75_vero75_via/quantum/rgb_matrix/rgb_matrix.o
                0x00005f14                CYCLE_UP_DOWN
 .text.RAINBOW_MOVING_CHEVRON
                0x00005f24       0x10 .build/obj_vero75_vero75_via/quantum/rgb_matrix/rgb_matrix.o
                0x00005f24                RAINBOW_MOVING_CHEVRON
 .text.HUE_PENDULUM
                0x00005f34       0x10 .build/obj_vero75_vero75_via/quantum/rgb_matrix/rgb_matrix.o
                0x00005f34                HUE_PENDULUM
 .text.HUE_WAVE
                0x00005f44       0x10 .build/obj_vero75_vero75_via/quantum/rgb_matrix/rgb_matrix.o
                0x00005f44                HUE_WAVE
 .text.effect_runner_sin_cos_i
                0x00005f54       0xcc .build/obj_vero75_vero75_via/quantum/rgb_matrix/rgb_matrix.o
                0x00005f54                effect_runner_sin_cos_i
 .text.DUAL_BEACON
                0x00006020       0x10 .build/obj_vero75_vero75_via/quantum/rgb_matrix/rgb_matrix.o
                0x00006020                DUAL_BEACON
 .text.RAINBOW_BEACON
                0x00006030       0x10 .build/obj_vero75_vero75_via/quantum/rgb_matrix/rgb_matrix.o
                0x00006030                RAINBOW_BEACON
 .text.RAINBOW_PINWHEELS
                0x00006040       0x10 .build/obj_vero75_vero75_via/quantum/rgb_matrix/rgb_matrix.o
                0x00006040                RAINBOW_PINWHEELS
 .text.effect_runner_reactive
                0x00006050      0x100 .build/obj_vero75_vero75_via/quantum/rgb_matrix/rgb_matrix.o
                0x00006050                effect_runner_reactive
 .text.SOLID_REACTIVE
                0x00006150       0x10 .build/obj_vero75_vero75_via/quantum/rgb_matrix/rgb_matrix.o
                0x00006150                SOLID_REACTIVE
 .text.effect_runner_reactive_splash
                0x00006160      0x144 .build/obj_vero75_vero75_via/quantum/rgb_matrix/rgb_matrix.o
                0x00006160                effect_runner_reactive_splash
 .text.SOLID_REACTIVE_WIDE
                0x000062a4       0x24 .build/obj_vero75_vero75_via/quantum/rgb_matrix/rgb_matrix.o
                0x000062a4                SOLID_REACTIVE_WIDE
 .text.SOLID_REACTIVE_MULTIWIDE
                0x000062c8       0x14 .build/obj_vero75_vero75_via/quantum/rgb_matrix/rgb_matrix.o
                0x000062c8                SOLID_REACTIVE_MULTIWIDE
 .text.SOLID_REACTIVE_CROSS
                0x000062dc       0x24 .build/obj_vero75_vero75_via/quantum/rgb_matrix/rgb_matrix.o
                0x000062dc                SOLID_REACTIVE_CROSS
 .text.SOLID_REACTIVE_MULTICROSS
                0x00006300       0x14 .build/obj_vero75_vero75_via/quantum/rgb_matrix/rgb_matrix.o
                0x00006300                SOLID_REACTIVE_MULTICROSS
 .text.SOLID_REACTIVE_NEXUS
                0x00006314       0x24 .build/obj_vero75_vero75_via/quantum/rgb_matrix/rgb_matrix.o
                0x00006314                SOLID_REACTIVE_NEXUS
 .text.SOLID_REACTIVE_MULTINEXUS
                0x00006338       0x14 .build/obj_vero75_vero75_via/quantum/rgb_matrix/rgb_matrix.o
                0x00006338                SOLID_REACTIVE_MULTINEXUS
 .text.SPLASH   0x0000634c       0x24 .build/obj_vero75_vero75_via/quantum/rgb_matrix/rgb_matrix.o
                0x0000634c                SPLASH
 .text.MULTISPLASH
                0x00006370       0x14 .build/obj_vero75_vero75_via/quantum/rgb_matrix/rgb_matrix.o
                0x00006370                MULTISPLASH
 .text.SOLID_SPLASH
                0x00006384       0x24 .build/obj_vero75_vero75_via/quantum/rgb_matrix/rgb_matrix.o
                0x00006384                SOLID_SPLASH
 .text.SOLID_MULTISPLASH
                0x000063a8       0x14 .build/obj_vero75_vero75_via/quantum/rgb_matrix/rgb_matrix.o
                0x000063a8                SOLID_MULTISPLASH
 .text.SOLID_COLOR
                0x000063bc       0x74 .build/obj_vero75_vero75_via/quantum/rgb_matrix/rgb_matrix.o
                0x000063bc                SOLID_COLOR
 .text.ALPHAS_MODS
                0x00006430       0xac .build/obj_vero75_vero75_via/quantum/rgb_matrix/rgb_matrix.o
                0x00006430                ALPHAS_MODS
 .text.GRADIENT_UP_DOWN
                0x000064dc       0x94 .build/obj_vero75_vero75_via/quantum/rgb_matrix/rgb_matrix.o
                0x000064dc                GRADIENT_UP_DOWN
 .text.GRADIENT_LEFT_RIGHT
                0x00006570       0x94 .build/obj_vero75_vero75_via/quantum/rgb_matrix/rgb_matrix.o
                0x00006570                GRADIENT_LEFT_RIGHT
 .text.BREATHING
                0x00006604       0xb0 .build/obj_vero75_vero75_via/quantum/rgb_matrix/rgb_matrix.o
                0x00006604                BREATHING
 .text.effect_runner_bloom
                0x000066b4       0xf0 .build/obj_vero75_vero75_via/quantum/rgb_matrix/rgb_matrix.o
                0x000066b4                effect_runner_bloom
 .text.FLOWER_BLOOMING
                0x000067a4       0x10 .build/obj_vero75_vero75_via/quantum/rgb_matrix/rgb_matrix.o
                0x000067a4                FLOWER_BLOOMING
 .text.RAINDROPS
                0x000067b4       0x78 .build/obj_vero75_vero75_via/quantum/rgb_matrix/rgb_matrix.o
                0x000067b4                RAINDROPS
 .text.JELLYBEAN_RAINDROPS
                0x0000682c       0x7c .build/obj_vero75_vero75_via/quantum/rgb_matrix/rgb_matrix.o
                0x0000682c                JELLYBEAN_RAINDROPS
 .text.HUE_BREATHING
                0x000068a8       0xb4 .build/obj_vero75_vero75_via/quantum/rgb_matrix/rgb_matrix.o
                0x000068a8                HUE_BREATHING
 .text.STARLIGHT
                0x0000695c       0x80 .build/obj_vero75_vero75_via/quantum/rgb_matrix/rgb_matrix.o
                0x0000695c                STARLIGHT
 .text.STARLIGHT_DUAL_SAT
                0x000069dc       0x80 .build/obj_vero75_vero75_via/quantum/rgb_matrix/rgb_matrix.o
                0x000069dc                STARLIGHT_DUAL_SAT
 .text.STARLIGHT_DUAL_HUE
                0x00006a5c       0x80 .build/obj_vero75_vero75_via/quantum/rgb_matrix/rgb_matrix.o
                0x00006a5c                STARLIGHT_DUAL_HUE
 .text.RIVERFLOW
                0x00006adc       0xb4 .build/obj_vero75_vero75_via/quantum/rgb_matrix/rgb_matrix.o
                0x00006adc                RIVERFLOW
 .text.SIGNALRGB
                0x00006b90       0x18 .build/obj_vero75_vero75_via/quantum/rgb_matrix/rgb_matrix.o
                0x00006b90                SIGNALRGB
 .text.rgb_task_render
                0x00006ba8      0x3c0 .build/obj_vero75_vero75_via/quantum/rgb_matrix/rgb_matrix.o
 .text.rgb_matrix_indicators_advanced_kb
                0x00006f68        0x8 .build/obj_vero75_vero75_via/quantum/rgb_matrix/rgb_matrix.o
                0x00006f68                rgb_matrix_indicators_advanced_kb
 .text.rgb_matrix_indicators_advanced
                0x00006f70       0x18 .build/obj_vero75_vero75_via/quantum/rgb_matrix/rgb_matrix.o
                0x00006f70                rgb_matrix_indicators_advanced
 .text.rgb_matrix_task
                0x00006f88      0x130 .build/obj_vero75_vero75_via/quantum/rgb_matrix/rgb_matrix.o
                0x00006f88                rgb_matrix_task
 .text.rgb_matrix_init
                0x000070b8       0x50 .build/obj_vero75_vero75_via/quantum/rgb_matrix/rgb_matrix.o
                0x000070b8                rgb_matrix_init
 .text.rgb_matrix_set_suspend_state
                0x00007108       0x48 .build/obj_vero75_vero75_via/quantum/rgb_matrix/rgb_matrix.o
                0x00007108                rgb_matrix_set_suspend_state
 .text.rgb_matrix_toggle_eeprom_helper
                0x00007150       0x20 .build/obj_vero75_vero75_via/quantum/rgb_matrix/rgb_matrix.o
                0x00007150                rgb_matrix_toggle_eeprom_helper
 .text.rgb_matrix_toggle_noeeprom
                0x00007170        0xa .build/obj_vero75_vero75_via/quantum/rgb_matrix/rgb_matrix.o
                0x00007170                rgb_matrix_toggle_noeeprom
 .text.rgb_matrix_toggle
                0x0000717a        0xa .build/obj_vero75_vero75_via/quantum/rgb_matrix/rgb_matrix.o
                0x0000717a                rgb_matrix_toggle
 .text.rgb_matrix_enable_noeeprom
                0x00007184       0x28 .build/obj_vero75_vero75_via/quantum/rgb_matrix/rgb_matrix.o
                0x00007184                rgb_matrix_enable_noeeprom
 .text.rgb_matrix_disable_noeeprom
                0x000071ac       0x20 .build/obj_vero75_vero75_via/quantum/rgb_matrix/rgb_matrix.o
                0x000071ac                rgb_matrix_disable_noeeprom
 .text.rgb_matrix_is_enabled
                0x000071cc       0x10 .build/obj_vero75_vero75_via/quantum/rgb_matrix/rgb_matrix.o
                0x000071cc                rgb_matrix_is_enabled
 .text.rgb_matrix_mode_eeprom_helper
                0x000071dc       0x40 .build/obj_vero75_vero75_via/quantum/rgb_matrix/rgb_matrix.o
                0x000071dc                rgb_matrix_mode_eeprom_helper
 .text.rgb_matrix_mode_noeeprom
                0x0000721c        0xa .build/obj_vero75_vero75_via/quantum/rgb_matrix/rgb_matrix.o
                0x0000721c                rgb_matrix_mode_noeeprom
 .text.rgb_matrix_mode
                0x00007226        0xa .build/obj_vero75_vero75_via/quantum/rgb_matrix/rgb_matrix.o
                0x00007226                rgb_matrix_mode
 .text.rgb_matrix_get_mode
                0x00007230        0xc .build/obj_vero75_vero75_via/quantum/rgb_matrix/rgb_matrix.o
                0x00007230                rgb_matrix_get_mode
 .text.rgb_matrix_step_helper
                0x0000723c       0x1c .build/obj_vero75_vero75_via/quantum/rgb_matrix/rgb_matrix.o
                0x0000723c                rgb_matrix_step_helper
 .text.rgb_matrix_step
                0x00007258        0xa .build/obj_vero75_vero75_via/quantum/rgb_matrix/rgb_matrix.o
                0x00007258                rgb_matrix_step
 *fill*         0x00007262        0x2 
 .text.rgb_matrix_step_reverse_helper
                0x00007264       0x20 .build/obj_vero75_vero75_via/quantum/rgb_matrix/rgb_matrix.o
                0x00007264                rgb_matrix_step_reverse_helper
 .text.rgb_matrix_step_reverse
                0x00007284        0xa .build/obj_vero75_vero75_via/quantum/rgb_matrix/rgb_matrix.o
                0x00007284                rgb_matrix_step_reverse
 *fill*         0x0000728e        0x2 
 .text.rgb_matrix_sethsv_eeprom_helper
                0x00007290       0x28 .build/obj_vero75_vero75_via/quantum/rgb_matrix/rgb_matrix.o
                0x00007290                rgb_matrix_sethsv_eeprom_helper
 .text.rgb_matrix_sethsv_noeeprom
                0x000072b8        0xa .build/obj_vero75_vero75_via/quantum/rgb_matrix/rgb_matrix.o
                0x000072b8                rgb_matrix_sethsv_noeeprom
 *fill*         0x000072c2        0x2 
 .text.rgb_matrix_get_hue
                0x000072c4        0xc .build/obj_vero75_vero75_via/quantum/rgb_matrix/rgb_matrix.o
                0x000072c4                rgb_matrix_get_hue
 .text.rgb_matrix_get_sat
                0x000072d0        0xc .build/obj_vero75_vero75_via/quantum/rgb_matrix/rgb_matrix.o
                0x000072d0                rgb_matrix_get_sat
 .text.rgb_matrix_get_val
                0x000072dc        0xc .build/obj_vero75_vero75_via/quantum/rgb_matrix/rgb_matrix.o
                0x000072dc                rgb_matrix_get_val
 .text.rgb_matrix_increase_hue_helper
                0x000072e8       0x18 .build/obj_vero75_vero75_via/quantum/rgb_matrix/rgb_matrix.o
                0x000072e8                rgb_matrix_increase_hue_helper
 .text.rgb_matrix_increase_hue
                0x00007300        0xa .build/obj_vero75_vero75_via/quantum/rgb_matrix/rgb_matrix.o
                0x00007300                rgb_matrix_increase_hue
 *fill*         0x0000730a        0x2 
 .text.rgb_matrix_decrease_hue_helper
                0x0000730c       0x1c .build/obj_vero75_vero75_via/quantum/rgb_matrix/rgb_matrix.o
                0x0000730c                rgb_matrix_decrease_hue_helper
 .text.rgb_matrix_decrease_hue
                0x00007328        0xa .build/obj_vero75_vero75_via/quantum/rgb_matrix/rgb_matrix.o
                0x00007328                rgb_matrix_decrease_hue
 *fill*         0x00007332        0x2 
 .text.rgb_matrix_increase_sat_helper
                0x00007334       0x24 .build/obj_vero75_vero75_via/quantum/rgb_matrix/rgb_matrix.o
                0x00007334                rgb_matrix_increase_sat_helper
 .text.rgb_matrix_increase_sat
                0x00007358        0xa .build/obj_vero75_vero75_via/quantum/rgb_matrix/rgb_matrix.o
                0x00007358                rgb_matrix_increase_sat
 *fill*         0x00007362        0x2 
 .text.rgb_matrix_decrease_sat_helper
                0x00007364       0x24 .build/obj_vero75_vero75_via/quantum/rgb_matrix/rgb_matrix.o
                0x00007364                rgb_matrix_decrease_sat_helper
 .text.rgb_matrix_decrease_sat
                0x00007388        0xa .build/obj_vero75_vero75_via/quantum/rgb_matrix/rgb_matrix.o
                0x00007388                rgb_matrix_decrease_sat
 *fill*         0x00007392        0x2 
 .text.rgb_matrix_increase_val_helper
                0x00007394       0x24 .build/obj_vero75_vero75_via/quantum/rgb_matrix/rgb_matrix.o
                0x00007394                rgb_matrix_increase_val_helper
 .text.rgb_matrix_increase_val
                0x000073b8        0xa .build/obj_vero75_vero75_via/quantum/rgb_matrix/rgb_matrix.o
                0x000073b8                rgb_matrix_increase_val
 *fill*         0x000073c2        0x2 
 .text.rgb_matrix_decrease_val_helper
                0x000073c4       0x24 .build/obj_vero75_vero75_via/quantum/rgb_matrix/rgb_matrix.o
                0x000073c4                rgb_matrix_decrease_val_helper
 .text.rgb_matrix_decrease_val
                0x000073e8        0xa .build/obj_vero75_vero75_via/quantum/rgb_matrix/rgb_matrix.o
                0x000073e8                rgb_matrix_decrease_val
 *fill*         0x000073f2        0x2 
 .text.rgb_matrix_set_speed_noeeprom
                0x000073f4       0x14 .build/obj_vero75_vero75_via/quantum/rgb_matrix/rgb_matrix.o
                0x000073f4                rgb_matrix_set_speed_noeeprom
 .text.rgb_matrix_get_speed
                0x00007408        0xc .build/obj_vero75_vero75_via/quantum/rgb_matrix/rgb_matrix.o
                0x00007408                rgb_matrix_get_speed
 .text.rgb_matrix_increase_speed_helper
                0x00007414       0x1c .build/obj_vero75_vero75_via/quantum/rgb_matrix/rgb_matrix.o
                0x00007414                rgb_matrix_increase_speed_helper
 .text.rgb_matrix_increase_speed
                0x00007430        0xa .build/obj_vero75_vero75_via/quantum/rgb_matrix/rgb_matrix.o
                0x00007430                rgb_matrix_increase_speed
 *fill*         0x0000743a        0x2 
 .text.rgb_matrix_decrease_speed_helper
                0x0000743c       0x1c .build/obj_vero75_vero75_via/quantum/rgb_matrix/rgb_matrix.o
                0x0000743c                rgb_matrix_decrease_speed_helper
 .text.rgb_matrix_decrease_speed
                0x00007458        0xa .build/obj_vero75_vero75_via/quantum/rgb_matrix/rgb_matrix.o
                0x00007458                rgb_matrix_decrease_speed
 .text.handleKeycodeRGB
                0x00007462        0xe .build/obj_vero75_vero75_via/quantum/process_keycode/process_rgb.o
 .text.process_rgb
                0x00007470       0xc4 .build/obj_vero75_vero75_via/quantum/process_keycode/process_rgb.o
                0x00007470                process_rgb
 .text.dynamic_keymap_get_layer_count
                0x00007534        0x4 .build/obj_vero75_vero75_via/quantum/dynamic_keymap.o
                0x00007534                dynamic_keymap_get_layer_count
 .text.dynamic_keymap_key_to_eeprom_address
                0x00007538       0x10 .build/obj_vero75_vero75_via/quantum/dynamic_keymap.o
                0x00007538                dynamic_keymap_key_to_eeprom_address
 .text.dynamic_keymap_get_keycode
                0x00007548       0x2c .build/obj_vero75_vero75_via/quantum/dynamic_keymap.o
                0x00007548                dynamic_keymap_get_keycode
 .text.dynamic_keymap_set_keycode
                0x00007574       0x26 .build/obj_vero75_vero75_via/quantum/dynamic_keymap.o
                0x00007574                dynamic_keymap_set_keycode
 .text.dynamic_keymap_reset
                0x0000759a       0x3c .build/obj_vero75_vero75_via/quantum/dynamic_keymap.o
                0x0000759a                dynamic_keymap_reset
 .text.dynamic_keymap_get_buffer
                0x000075d6       0x2c .build/obj_vero75_vero75_via/quantum/dynamic_keymap.o
                0x000075d6                dynamic_keymap_get_buffer
 .text.dynamic_keymap_set_buffer
                0x00007602       0x2a .build/obj_vero75_vero75_via/quantum/dynamic_keymap.o
                0x00007602                dynamic_keymap_set_buffer
 .text.keycode_at_keymap_location
                0x0000762c       0x1a .build/obj_vero75_vero75_via/quantum/dynamic_keymap.o
                0x0000762c                keycode_at_keymap_location
 .text.dynamic_keymap_macro_get_count
                0x00007646        0x4 .build/obj_vero75_vero75_via/quantum/dynamic_keymap.o
                0x00007646                dynamic_keymap_macro_get_count
 .text.dynamic_keymap_macro_get_buffer_size
                0x0000764a        0x6 .build/obj_vero75_vero75_via/quantum/dynamic_keymap.o
                0x0000764a                dynamic_keymap_macro_get_buffer_size
 .text.dynamic_keymap_macro_get_buffer
                0x00007650       0x34 .build/obj_vero75_vero75_via/quantum/dynamic_keymap.o
                0x00007650                dynamic_keymap_macro_get_buffer
 .text.dynamic_keymap_macro_set_buffer
                0x00007684       0x34 .build/obj_vero75_vero75_via/quantum/dynamic_keymap.o
                0x00007684                dynamic_keymap_macro_set_buffer
 .text.dynamic_keymap_macro_reset
                0x000076b8       0x1c .build/obj_vero75_vero75_via/quantum/dynamic_keymap.o
                0x000076b8                dynamic_keymap_macro_reset
 .text.dynamic_keymap_macro_send
                0x000076d4       0xbc .build/obj_vero75_vero75_via/quantum/dynamic_keymap.o
                0x000076d4                dynamic_keymap_macro_send
 .text.process_grave_esc
                0x00007790       0x54 .build/obj_vero75_vero75_via/quantum/process_keycode/process_grave_esc.o
                0x00007790                process_grave_esc
 .text.process_magic
                0x000077e4      0x1b8 .build/obj_vero75_vero75_via/quantum/process_keycode/process_magic.o
                0x000077e4                process_magic
 .text.times_inv_sqrt2
                0x0000799c       0x20 .build/obj_vero75_vero75_via/quantum/mousekey.o
 .text.move_unit
                0x000079bc       0x6c .build/obj_vero75_vero75_via/quantum/mousekey.o
 .text.wheel_unit
                0x00007a28       0x68 .build/obj_vero75_vero75_via/quantum/mousekey.o
 .text.mousekey_on
                0x00007a90       0xbc .build/obj_vero75_vero75_via/quantum/mousekey.o
                0x00007a90                mousekey_on
 .text.mousekey_off
                0x00007b4c       0xe8 .build/obj_vero75_vero75_via/quantum/mousekey.o
                0x00007b4c                mousekey_off
 .text.mousekey_send
                0x00007c34       0x34 .build/obj_vero75_vero75_via/quantum/mousekey.o
                0x00007c34                mousekey_send
 .text.mousekey_clear
                0x00007c68       0x2c .build/obj_vero75_vero75_via/quantum/mousekey.o
                0x00007c68                mousekey_clear
 .text.should_mousekey_report_send
                0x00007c94       0x26 .build/obj_vero75_vero75_via/quantum/mousekey.o
                0x00007c94                should_mousekey_report_send
 *fill*         0x00007cba        0x2 
 .text.mousekey_task
                0x00007cbc      0x174 .build/obj_vero75_vero75_via/quantum/mousekey.o
                0x00007cbc                mousekey_task
 .text.send_char_with_delay
                0x00007e30       0xb8 .build/obj_vero75_vero75_via/quantum/send_string/send_string.o
                0x00007e30                send_char_with_delay
 .text.send_string_with_delay
                0x00007ee8       0xb0 .build/obj_vero75_vero75_via/quantum/send_string/send_string.o
                0x00007ee8                send_string_with_delay
 .text.perform_space_cadet
                0x00007f98       0xb4 .build/obj_vero75_vero75_via/quantum/process_keycode/process_space_cadet.o
                0x00007f98                perform_space_cadet
 .text.process_space_cadet
                0x0000804c       0xa8 .build/obj_vero75_vero75_via/quantum/process_keycode/process_space_cadet.o
                0x0000804c                process_space_cadet
 .text.process_tri_layer
                0x000080f4       0x64 .build/obj_vero75_vero75_via/quantum/process_keycode/process_tri_layer.o
                0x000080f4                process_tri_layer
 .text.get_tri_layer_lower_layer
                0x00008158        0xc .build/obj_vero75_vero75_via/quantum/tri_layer.o
                0x00008158                get_tri_layer_lower_layer
 .text.get_tri_layer_upper_layer
                0x00008164        0xc .build/obj_vero75_vero75_via/quantum/tri_layer.o
                0x00008164                get_tri_layer_upper_layer
 .text.get_tri_layer_adjust_layer
                0x00008170        0xc .build/obj_vero75_vero75_via/quantum/tri_layer.o
                0x00008170                get_tri_layer_adjust_layer
 .text.via_eeprom_is_valid
                0x0000817c       0x28 .build/obj_vero75_vero75_via/quantum/via.o
                0x0000817c                via_eeprom_is_valid
 .text.via_eeprom_set_valid
                0x000081a4       0x2e .build/obj_vero75_vero75_via/quantum/via.o
                0x000081a4                via_eeprom_set_valid
 .text.via_init_kb
                0x000081d2        0x2 .build/obj_vero75_vero75_via/quantum/via.o
                0x000081d2                via_init_kb
 .text.via_get_layout_options
                0x000081d4        0xa .build/obj_vero75_vero75_via/quantum/via.o
                0x000081d4                via_get_layout_options
 .text.via_set_layout_options_kb
                0x000081de        0x2 .build/obj_vero75_vero75_via/quantum/via.o
                0x000081de                via_set_layout_options_kb
 .text.via_set_layout_options
                0x000081e0       0x12 .build/obj_vero75_vero75_via/quantum/via.o
                0x000081e0                via_set_layout_options
 .text.eeconfig_init_via
                0x000081f2       0x1e .build/obj_vero75_vero75_via/quantum/via.o
                0x000081f2                eeconfig_init_via
 .text.via_init
                0x00008210       0x1c .build/obj_vero75_vero75_via/quantum/via.o
                0x00008210                via_init
 .text.via_set_device_indication
                0x0000822c        0x8 .build/obj_vero75_vero75_via/quantum/via.o
                0x0000822c                via_set_device_indication
 .text.process_record_via
                0x00008234       0x24 .build/obj_vero75_vero75_via/quantum/via.o
                0x00008234                process_record_via
 .text.via_custom_value_command_kb
                0x00008258        0x6 .build/obj_vero75_vero75_via/quantum/via.o
                0x00008258                via_custom_value_command_kb
 .text.via_command_kb
                0x0000825e        0x4 .build/obj_vero75_vero75_via/quantum/via.o
                0x0000825e                via_command_kb
 .text.via_qmk_rgb_matrix_get_value
                0x00008262       0x48 .build/obj_vero75_vero75_via/quantum/via.o
                0x00008262                via_qmk_rgb_matrix_get_value
 .text.via_qmk_rgb_matrix_set_value
                0x000082aa       0x58 .build/obj_vero75_vero75_via/quantum/via.o
                0x000082aa                via_qmk_rgb_matrix_set_value
 .text.via_qmk_rgb_matrix_command
                0x00008302       0x2c .build/obj_vero75_vero75_via/quantum/via.o
                0x00008302                via_qmk_rgb_matrix_command
 .text.via_custom_value_command